/bin/bash: /home/nubot/anaconda3/envs/isaaclab/lib/libtinfo.so.6: no version information available (required by /bin/bash)
Loading user config located at: '/home/nubot/isaac-sim-standalone-5.1.0-linux-x86_64/kit/data/Kit/Isaac-Sim/4.5/user.config.json'
[Info] [carb] Logging to file: /home/nubot/isaac-sim-standalone-5.1.0-linux-x86_64/kit/logs/Kit/Isaac-Sim/4.5/kit_20260908_144416.log
2026-09-08T06:44:16Z [5ms] [Warning] [omni.ext.plugin] [ext: rendering_modes] Extensions config 'extension.toml' doesn't exist '/home/nubot/IsaacLab/apps/rendering_modes' or '/home/nubot/IsaacLab/apps/rendering_modes/config'
2026-09-08T06:44:17Z [229ms] [Warning] [omni.usd_config.extension] Enable omni.materialx.libs extension to use MaterialX
2026-09-08T06:44:17Z [406ms] [Warning] [omni.platforminfo.plugin] failed to open the default display.  Can't verify X Server version.
2026-09-08T06:44:17Z [657ms] [Warning] [carb] Acquiring non optional plugin interface which is not listed as dependency: [omni::physx::IPhysxBenchmarks v1.0] (plugin: <default plugin>), by client: omni.physics.physx.plugin. Add it to CARB_PLUGIN_IMPL_DEPS() macro of a client.
2026-09-08T06:44:17Z [662ms] [Warning] [omni.isaac.dynamic_control] omni.isaac.dynamic_control is deprecated as of Isaac Sim 4.5. No action is needed from end-users.
2026-09-08T06:44:21Z [4,774ms] [Warning] [carb.cudainterop.plugin] CUDA_VISIBLE_DEVICES environment variable is set.
2026-09-08T06:44:21Z [4,774ms] [Warning] [carb.cudainterop.plugin] Note CUDA device enumeration and Omniverse device enumeration are different.
2026-09-08T06:44:21Z [4,774ms] [Warning] [carb.cudainterop.plugin] Setting CUDA_VISIBLE_DEVICES can lead to undesired behavior or crashes.
2026-09-08T06:44:22Z [5,457ms] [Warning] [gpu.foundation.plugin] Skipping NVIDIA GPU due CUDA being in bad state: NVIDIA GeForce RTX 4090
2026-09-08T06:44:22Z [5,457ms] [Warning] [gpu.foundation.plugin] Please restart your system if CUDA is known to work in your system.
2026-09-08T06:44:22Z [5,458ms] [Warning] [gpu.foundation.plugin] Skipping NVIDIA GPU due CUDA being in bad state: NVIDIA GeForce RTX 4090
2026-09-08T06:44:22Z [5,458ms] [Warning] [gpu.foundation.plugin] Please restart your system if CUDA is known to work in your system.
2026-09-08T06:44:22Z [5,460ms] [Warning] [gpu.foundation.plugin] Skipping NVIDIA GPU due CUDA being in bad state: NVIDIA GeForce RTX 4090
2026-09-08T06:44:22Z [5,460ms] [Warning] [gpu.foundation.plugin] Please restart your system if CUDA is known to work in your system.
2026-09-08T06:44:22Z [5,460ms] [Warning] [gpu.foundation.plugin] Skipping NVIDIA GPU due CUDA being in bad state: NVIDIA GeForce RTX 4090
2026-09-08T06:44:22Z [5,460ms] [Warning] [gpu.foundation.plugin] Please restart your system if CUDA is known to work in your system.
2026-09-08T06:44:22Z [5,460ms] [Warning] [gpu.foundation.plugin] Skipping NVIDIA GPU due CUDA being in bad state: NVIDIA GeForce RTX 4090
2026-09-08T06:44:22Z [5,460ms] [Warning] [gpu.foundation.plugin] Please restart your system if CUDA is known to work in your system.
2026-09-08T06:44:22Z [5,460ms] [Warning] [gpu.foundation.plugin] Skipping NVIDIA GPU due CUDA being in bad state: NVIDIA GeForce RTX 4090
2026-09-08T06:44:22Z [5,460ms] [Warning] [gpu.foundation.plugin] Please restart your system if CUDA is known to work in your system.

|---------------------------------------------------------------------------------------------|
| Driver Version: 570.133.20    | Graphics API: Vulkan
|=============================================================================================|
| GPU | Name                             | Active | LDA | GPU Memory | Vendor-ID | LUID       |
|     |                                  |        |     |            | Device-ID | UUID       |
|     |                                  |        |     |            | Bus-ID    |            |
|---------------------------------------------------------------------------------------------|
| 0   | NVIDIA GeForce RTX 4090          | Yes: 0 |     | 24810   MB | 10de      | 0          |
|     |                                  |        |     |            | 2684      | a29f1f68.. |
|     |                                  |        |     |            | 28        |            |
|---------------------------------------------------------------------------------------------|
| 1   | NVIDIA GeForce RTX 4090          |        |     | 24810   MB | 10de      | 0          |
|     |                                  |        |     |            | 2684      | 75ba5f3b.. |
|     |                                  |        |     |            | 29        |            |
|---------------------------------------------------------------------------------------------|
| 2   | NVIDIA GeForce RTX 4090          |        |     | 24810   MB | 10de      | 0          |
|     |                                  |        |     |            | 2684      | b2434cbe.. |
|     |                                  |        |     |            | 2c        |            |
|---------------------------------------------------------------------------------------------|
| 3   | NVIDIA GeForce RTX 4090          |        |     | 24810   MB | 10de      | 0          |
|     |                                  |        |     |            | 2684      | d577411e.. |
|     |                                  |        |     |            | b1        |            |
|=============================================================================================|
| OS: 20.04.6 LTS (Focal Fossa) ubuntu, Version: 20.04.6, Kernel: 5.15.0-139-generic
| Processor: Intel(R) Xeon(R) Platinum 8458P
| Cores: 88 | Logical Cores: 176
|---------------------------------------------------------------------------------------------|
| Total Memory (MB): 515591 | Free Memory: 173376
| Total Page/Swap (MB): 62499 | Free Page/Swap: 17592186044415
|---------------------------------------------------------------------------------------------|
2026-09-08T06:44:22Z [5,835ms] [Warning] [omni.kvdb.plugin] Disabling key-value database because another kit process is locking it
2026-09-08T06:44:24Z [7,166ms] [Warning] [carb.windowing-glfw.plugin] GLFW initialization failed.
2026-09-08T06:44:24Z [7,166ms] [Warning] [carb] Failed to startup plugin carb.windowing-glfw.plugin (interfaces: [carb::windowing::IGLContext v1.0],[carb::windowing::IWindowing v1.5]) (impl: carb.windowing-glfw.plugin)
2026-09-08T06:44:24Z [7,472ms] [Warning] [gpu.foundation.plugin] Skipping NVIDIA GPU due CUDA being in bad state: NVIDIA GeForce RTX 4090
2026-09-08T06:44:24Z [7,472ms] [Warning] [gpu.foundation.plugin] Please restart your system if CUDA is known to work in your system.
2026-09-08T06:44:24Z [7,473ms] [Warning] [gpu.foundation.plugin] Skipping NVIDIA GPU due CUDA being in bad state: NVIDIA GeForce RTX 4090
2026-09-08T06:44:24Z [7,473ms] [Warning] [gpu.foundation.plugin] Please restart your system if CUDA is known to work in your system.
2026-09-08T06:44:24Z [7,474ms] [Warning] [gpu.foundation.plugin] Skipping NVIDIA GPU due CUDA being in bad state: NVIDIA GeForce RTX 4090
2026-09-08T06:44:24Z [7,474ms] [Warning] [gpu.foundation.plugin] Please restart your system if CUDA is known to work in your system.
2026-09-08T06:44:24Z [7,474ms] [Warning] [gpu.foundation.plugin] Skipping NVIDIA GPU due CUDA being in bad state: NVIDIA GeForce RTX 4090
2026-09-08T06:44:24Z [7,474ms] [Warning] [gpu.foundation.plugin] Please restart your system if CUDA is known to work in your system.
2026-09-08T06:44:24Z [7,474ms] [Warning] [gpu.foundation.plugin] Skipping NVIDIA GPU due CUDA being in bad state: NVIDIA GeForce RTX 4090
2026-09-08T06:44:24Z [7,474ms] [Warning] [gpu.foundation.plugin] Please restart your system if CUDA is known to work in your system.
2026-09-08T06:44:24Z [7,474ms] [Warning] [gpu.foundation.plugin] Skipping NVIDIA GPU due CUDA being in bad state: NVIDIA GeForce RTX 4090
2026-09-08T06:44:24Z [7,474ms] [Warning] [gpu.foundation.plugin] Please restart your system if CUDA is known to work in your system.

|---------------------------------------------------------------------------------------------|
| Driver Version: 570.133.20    | Graphics API: Vulkan
|=============================================================================================|
| GPU | Name                             | Active | LDA | GPU Memory | Vendor-ID | LUID       |
|     |                                  |        |     |            | Device-ID | UUID       |
|     |                                  |        |     |            | Bus-ID    |            |
|---------------------------------------------------------------------------------------------|
| 0   | NVIDIA GeForce RTX 4090          | Yes: 0 |     | 24810   MB | 10de      | 0          |
|     |                                  |        |     |            | 2684      | a29f1f68.. |
|     |                                  |        |     |            | 28        |            |
|---------------------------------------------------------------------------------------------|
| 1   | NVIDIA GeForce RTX 4090          |        |     | 24810   MB | 10de      | 0          |
|     |                                  |        |     |            | 2684      | 75ba5f3b.. |
|     |                                  |        |     |            | 29        |            |
|---------------------------------------------------------------------------------------------|
| 2   | NVIDIA GeForce RTX 4090          |        |     | 24810   MB | 10de      | 0          |
|     |                                  |        |     |            | 2684      | b2434cbe.. |
|     |                                  |        |     |            | 2c        |            |
|---------------------------------------------------------------------------------------------|
| 3   | NVIDIA GeForce RTX 4090          |        |     | 24810   MB | 10de      | 0          |
|     |                                  |        |     |            | 2684      | d577411e.. |
|     |                                  |        |     |            | b1        |            |
|=============================================================================================|
| OS: 20.04.6 LTS (Focal Fossa) ubuntu, Version: 20.04.6, Kernel: 5.15.0-139-generic
| Processor: Intel(R) Xeon(R) Platinum 8458P
| Cores: 88 | Logical Cores: 176
|---------------------------------------------------------------------------------------------|
| Total Memory (MB): 515591 | Free Memory: 173099
| Total Page/Swap (MB): 62499 | Free Page/Swap: 17592186044415
|---------------------------------------------------------------------------------------------|
2026-09-08T06:44:25Z [8,316ms] [Warning] [carb.windowing-glfw.plugin] GLFW initialization failed.
2026-09-08T06:44:25Z [8,316ms] [Warning] [carb] Failed to startup plugin carb.windowing-glfw.plugin (interfaces: [carb::windowing::IGLContext v1.0],[carb::windowing::IWindowing v1.5]) (impl: carb.windowing-glfw.plugin)
2026-09-08T06:44:25Z [8,340ms] [Warning] [carb.windowing-glfw.plugin] GLFW initialization failed.
2026-09-08T06:44:25Z [8,340ms] [Warning] [carb] Failed to startup plugin carb.windowing-glfw.plugin (interfaces: [carb::windowing::IGLContext v1.0],[carb::windowing::IWindowing v1.5]) (impl: carb.windowing-glfw.plugin)
2026-09-08T06:44:25Z [8,349ms] [Warning] [carb.windowing-glfw.plugin] GLFW initialization failed.
2026-09-08T06:44:25Z [8,349ms] [Warning] [carb] Failed to startup plugin carb.windowing-glfw.plugin (interfaces: [carb::windowing::IGLContext v1.0],[carb::windowing::IWindowing v1.5]) (impl: carb.windowing-glfw.plugin)
2026-09-08T06:44:25Z [8,358ms] [Warning] [carb.windowing-glfw.plugin] GLFW initialization failed.
2026-09-08T06:44:25Z [8,358ms] [Warning] [carb] Failed to startup plugin carb.windowing-glfw.plugin (interfaces: [carb::windowing::IGLContext v1.0],[carb::windowing::IWindowing v1.5]) (impl: carb.windowing-glfw.plugin)
2026-09-08T06:44:25Z [8,360ms] [Warning] [carb.windowing-glfw.plugin] GLFW initialization failed.
2026-09-08T06:44:25Z [8,360ms] [Warning] [carb] Failed to startup plugin carb.windowing-glfw.plugin (interfaces: [carb::windowing::IGLContext v1.0],[carb::windowing::IWindowing v1.5]) (impl: carb.windowing-glfw.plugin)
2026-09-08T06:44:25Z [8,361ms] [Warning] [carb.windowing-glfw.plugin] GLFW initialization failed.
2026-09-08T06:44:25Z [8,361ms] [Warning] [carb] Failed to startup plugin carb.windowing-glfw.plugin (interfaces: [carb::windowing::IGLContext v1.0],[carb::windowing::IWindowing v1.5]) (impl: carb.windowing-glfw.plugin)
2026-09-08T06:44:25Z [8,800ms] [Warning] [omni.graph.visualization.nodes._impl.extension] No Viewport Window to add omni.graph.visualization.nodes-2.1.3 scene to
2026-09-08T06:44:26Z [9,036ms] [Warning] [isaacsim.asset.importer.urdf] link imu_in_pelvis has no body properties (mass, inertia, or collisions) and is being merged into pelvis
2026-09-08T06:44:26Z [9,036ms] [Warning] [isaacsim.asset.importer.urdf] link d435_link has no body properties (mass, inertia, or collisions) and is being merged into torso_link
2026-09-08T06:44:26Z [9,036ms] [Warning] [isaacsim.asset.importer.urdf] link imu_in_torso has no body properties (mass, inertia, or collisions) and is being merged into torso_link
2026-09-08T06:44:26Z [9,036ms] [Warning] [isaacsim.asset.importer.urdf] link mid360_link has no body properties (mass, inertia, or collisions) and is being merged into torso_link
2026-09-08T06:44:27Z [10,868ms] [Warning] [omni.physx.tensors.plugin] DEPRECATED: Please use getDofFrictionProperties instead.
2026-09-08T06:44:27Z [10,888ms] [Warning] [omni.physx.tensors.plugin] DEPRECATED: Please use setDofFrictionProperties instead.
2026-09-08T06:44:27Z [10,900ms] [Warning] [omni.physx.tensors.plugin] DEPRECATED: Please use setDofFrictionProperties instead.
2026-09-08T06:44:27Z [10,904ms] [Warning] [omni.physx.tensors.plugin] DEPRECATED: Please use setDofFrictionProperties instead.
2026-09-08T06:44:27Z [10,908ms] [Warning] [omni.physx.tensors.plugin] DEPRECATED: Please use setDofFrictionProperties instead.
2026-09-08T06:44:27Z [10,938ms] [Warning] [omni.physx.tensors.plugin] DEPRECATED: Please use getDofFrictionProperties instead.
2026-09-08T06:44:28Z [11,293ms] [Warning] [isaaclab.utils.math] The function 'quat_rotate_inverse' will be deprecated in favor of the faster method 'quat_apply_inverse'. Please use 'quat_apply_inverse' instead....
2026-09-08T06:44:28Z [11,482ms] [Warning] [isaaclab.utils.math] The function 'quat_rotate_inverse' will be deprecated in favor of the faster method 'quat_apply_inverse'. Please use 'quat_apply_inverse' instead....
2026-09-08T06:44:28Z [11,668ms] [Warning] [isaaclab.utils.math] The function 'quat_rotate_inverse' will be deprecated in favor of the faster method 'quat_apply_inverse'. Please use 'quat_apply_inverse' instead....
2026-09-08T06:44:28Z [11,698ms] [Warning] [isaaclab.utils.math] The function 'quat_rotate_inverse' will be deprecated in favor of the faster method 'quat_apply_inverse'. Please use 'quat_apply_inverse' instead....
2026-09-08T06:44:28Z [11,794ms] [Warning] [isaaclab.utils.math] The function 'quat_rotate_inverse' will be deprecated in favor of the faster method 'quat_apply_inverse'. Please use 'quat_apply_inverse' instead....
2026-09-08T06:44:28Z [11,822ms] [Warning] [isaaclab.utils.math] The function 'quat_rotate_inverse' will be deprecated in favor of the faster method 'quat_apply_inverse'. Please use 'quat_apply_inverse' instead....
2026-09-08T06:44:28Z [11,826ms] [Warning] [isaaclab.sensors.ray_caster.ray_caster] The `attach_yaw_only` property will be deprecated in a future release. Please use `ray_alignment='yaw'` instead.
2026-09-08T06:44:28Z [11,962ms] [Warning] [isaaclab.sensors.ray_caster.ray_caster] The `attach_yaw_only` property will be deprecated in a future release. Please use `ray_alignment='yaw'` instead.
2026-09-08T06:44:29Z [12,089ms] [Warning] [isaaclab.utils.math] The function 'quat_rotate_inverse' will be deprecated in favor of the faster method 'quat_apply_inverse'. Please use 'quat_apply_inverse' instead....
2026-09-08T06:44:29Z [12,093ms] [Warning] [isaaclab.sensors.ray_caster.ray_caster] The `attach_yaw_only` property will be deprecated in a future release. Please use `ray_alignment='yaw'` instead.
2026-09-08T06:44:29Z [12,128ms] [Warning] [isaaclab.utils.math] The function 'quat_rotate_inverse' will be deprecated in favor of the faster method 'quat_apply_inverse'. Please use 'quat_apply_inverse' instead....
2026-09-08T06:44:29Z [12,128ms] [Warning] [isaaclab.utils.math] The function 'quat_rotate_inverse' will be deprecated in favor of the faster method 'quat_apply_inverse'. Please use 'quat_apply_inverse' instead....
2026-09-08T06:44:29Z [12,132ms] [Warning] [isaaclab.utils.math] The function 'quat_rotate_inverse' will be deprecated in favor of the faster method 'quat_apply_inverse'. Please use 'quat_apply_inverse' instead....
2026-09-08T06:44:29Z [12,141ms] [Warning] [isaaclab.utils.math] The function 'quat_rotate_inverse' will be deprecated in favor of the faster method 'quat_apply_inverse'. Please use 'quat_apply_inverse' instead....
2026-09-08T06:44:29Z [12,176ms] [Warning] [isaaclab.utils.math] The function 'quat_rotate_inverse' will be deprecated in favor of the faster method 'quat_apply_inverse'. Please use 'quat_apply_inverse' instead....
2026-09-08T06:44:29Z [12,181ms] [Warning] [isaaclab.sensors.ray_caster.ray_caster] The `attach_yaw_only` property will be deprecated in a future release. Please use `ray_alignment='yaw'` instead.
2026-09-08T06:44:29Z [12,188ms] [Warning] [isaaclab.sensors.ray_caster.ray_caster] The `attach_yaw_only` property will be deprecated in a future release. Please use `ray_alignment='yaw'` instead.
2026-09-08T06:44:29Z [12,190ms] [Warning] [isaaclab.utils.math] The function 'quat_rotate_inverse' will be deprecated in favor of the faster method 'quat_apply_inverse'. Please use 'quat_apply_inverse' instead....
2026-09-08T06:44:29Z [12,193ms] [Warning] [isaaclab.sensors.ray_caster.ray_caster] The `attach_yaw_only` property will be deprecated in a future release. Please use `ray_alignment='yaw'` instead.
2026-09-08T06:44:29Z [12,381ms] [Warning] [isaaclab.utils.math] The function 'quat_rotate_inverse' will be deprecated in favor of the faster method 'quat_apply_inverse'. Please use 'quat_apply_inverse' instead....
2026-09-08T06:44:29Z [12,381ms] [Warning] [isaaclab.utils.math] The function 'quat_rotate_inverse' will be deprecated in favor of the faster method 'quat_apply_inverse'. Please use 'quat_apply_inverse' instead....
2026-09-08T06:44:29Z [12,386ms] [Warning] [isaaclab.utils.math] The function 'quat_rotate_inverse' will be deprecated in favor of the faster method 'quat_apply_inverse'. Please use 'quat_apply_inverse' instead....
2026-09-08T06:44:29Z [12,394ms] [Warning] [isaaclab.utils.math] The function 'quat_rotate_inverse' will be deprecated in favor of the faster method 'quat_apply_inverse'. Please use 'quat_apply_inverse' instead....
2026-09-08T06:44:29Z [12,395ms] [Warning] [isaaclab.utils.math] The function 'quat_rotate_inverse' will be deprecated in favor of the faster method 'quat_apply_inverse'. Please use 'quat_apply_inverse' instead....
2026-09-08T06:44:29Z [12,396ms] [Warning] [isaaclab.sensors.ray_caster.ray_caster] The `attach_yaw_only` property will be deprecated in a future release. Please use `ray_alignment='yaw'` instead.
2026-09-08T06:44:29Z [12,397ms] [Warning] [isaaclab.sensors.ray_caster.ray_caster] The `attach_yaw_only` property will be deprecated in a future release. Please use `ray_alignment='yaw'` instead.
2026-09-08T06:44:29Z [12,399ms] [Warning] [isaaclab.utils.math] The function 'quat_rotate_inverse' will be deprecated in favor of the faster method 'quat_apply_inverse'. Please use 'quat_apply_inverse' instead....
2026-09-08T06:44:29Z [12,402ms] [Warning] [isaaclab.sensors.ray_caster.ray_caster] The `attach_yaw_only` property will be deprecated in a future release. Please use `ray_alignment='yaw'` instead.
2026-09-08T06:44:29Z [12,436ms] [Warning] [isaaclab.utils.math] The function 'quat_rotate_inverse' will be deprecated in favor of the faster method 'quat_apply_inverse'. Please use 'quat_apply_inverse' instead....
2026-09-08T06:44:29Z [12,436ms] [Warning] [isaaclab.utils.math] The function 'quat_rotate_inverse' will be deprecated in favor of the faster method 'quat_apply_inverse'. Please use 'quat_apply_inverse' instead....
2026-09-08T06:44:29Z [12,440ms] [Warning] [isaaclab.utils.math] The function 'quat_rotate_inverse' will be deprecated in favor of the faster method 'quat_apply_inverse'. Please use 'quat_apply_inverse' instead....
2026-09-08T06:44:29Z [12,449ms] [Warning] [isaaclab.utils.math] The function 'quat_rotate_inverse' will be deprecated in favor of the faster method 'quat_apply_inverse'. Please use 'quat_apply_inverse' instead....
2026-09-08T06:44:29Z [12,449ms] [Warning] [isaaclab.utils.math] The function 'quat_rotate_inverse' will be deprecated in favor of the faster method 'quat_apply_inverse'. Please use 'quat_apply_inverse' instead....
2026-09-08T06:44:29Z [12,450ms] [Warning] [isaaclab.sensors.ray_caster.ray_caster] The `attach_yaw_only` property will be deprecated in a future release. Please use `ray_alignment='yaw'` instead.
2026-09-08T06:44:29Z [12,452ms] [Warning] [isaaclab.sensors.ray_caster.ray_caster] The `attach_yaw_only` property will be deprecated in a future release. Please use `ray_alignment='yaw'` instead.
2026-09-08T06:44:29Z [12,453ms] [Warning] [isaaclab.utils.math] The function 'quat_rotate_inverse' will be deprecated in favor of the faster method 'quat_apply_inverse'. Please use 'quat_apply_inverse' instead....
2026-09-08T06:44:29Z [12,461ms] [Warning] [isaaclab.sensors.ray_caster.ray_caster] The `attach_yaw_only` property will be deprecated in a future release. Please use `ray_alignment='yaw'` instead.
2026-09-08T06:44:29Z [12,552ms] [Warning] [isaaclab.utils.math] The function 'quat_rotate_inverse' will be deprecated in favor of the faster method 'quat_apply_inverse'. Please use 'quat_apply_inverse' instead....
2026-09-08T06:44:29Z [12,553ms] [Warning] [isaaclab.utils.math] The function 'quat_rotate_inverse' will be deprecated in favor of the faster method 'quat_apply_inverse'. Please use 'quat_apply_inverse' instead....
2026-09-08T06:44:29Z [12,558ms] [Warning] [isaaclab.utils.math] The function 'quat_rotate_inverse' will be deprecated in favor of the faster method 'quat_apply_inverse'. Please use 'quat_apply_inverse' instead....
2026-09-08T06:44:29Z [12,577ms] [Warning] [isaaclab.utils.math] The function 'quat_rotate_inverse' will be deprecated in favor of the faster method 'quat_apply_inverse'. Please use 'quat_apply_inverse' instead....
2026-09-08T06:44:29Z [12,577ms] [Warning] [isaaclab.utils.math] The function 'quat_rotate_inverse' will be deprecated in favor of the faster method 'quat_apply_inverse'. Please use 'quat_apply_inverse' instead....
2026-09-08T06:44:29Z [12,580ms] [Warning] [isaaclab.sensors.ray_caster.ray_caster] The `attach_yaw_only` property will be deprecated in a future release. Please use `ray_alignment='yaw'` instead.
2026-09-08T06:44:29Z [12,584ms] [Warning] [isaaclab.sensors.ray_caster.ray_caster] The `attach_yaw_only` property will be deprecated in a future release. Please use `ray_alignment='yaw'` instead.
2026-09-08T06:44:29Z [12,586ms] [Warning] [isaaclab.utils.math] The function 'quat_rotate_inverse' will be deprecated in favor of the faster method 'quat_apply_inverse'. Please use 'quat_apply_inverse' instead....
2026-09-08T06:44:29Z [12,597ms] [Warning] [isaaclab.sensors.ray_caster.ray_caster] The `attach_yaw_only` property will be deprecated in a future release. Please use `ray_alignment='yaw'` instead.
2026-09-08T06:44:29Z [12,690ms] [Warning] [isaaclab.utils.math] The function 'quat_rotate_inverse' will be deprecated in favor of the faster method 'quat_apply_inverse'. Please use 'quat_apply_inverse' instead....
2026-09-08T06:44:29Z [12,691ms] [Warning] [isaaclab.utils.math] The function 'quat_rotate_inverse' will be deprecated in favor of the faster method 'quat_apply_inverse'. Please use 'quat_apply_inverse' instead....
2026-09-08T06:44:29Z [12,706ms] [Warning] [isaaclab.utils.math] The function 'quat_rotate_inverse' will be deprecated in favor of the faster method 'quat_apply_inverse'. Please use 'quat_apply_inverse' instead....
2026-09-08T06:44:29Z [12,729ms] [Warning] [isaaclab.utils.math] The function 'quat_rotate_inverse' will be deprecated in favor of the faster method 'quat_apply_inverse'. Please use 'quat_apply_inverse' instead....
2026-09-08T06:44:29Z [12,729ms] [Warning] [isaaclab.utils.math] The function 'quat_rotate_inverse' will be deprecated in favor of the faster method 'quat_apply_inverse'. Please use 'quat_apply_inverse' instead....
2026-09-08T06:44:29Z [12,733ms] [Warning] [isaaclab.sensors.ray_caster.ray_caster] The `attach_yaw_only` property will be deprecated in a future release. Please use `ray_alignment='yaw'` instead.
2026-09-08T06:44:29Z [12,735ms] [Warning] [isaaclab.sensors.ray_caster.ray_caster] The `attach_yaw_only` property will be deprecated in a future release. Please use `ray_alignment='yaw'` instead.
2026-09-08T06:44:29Z [12,737ms] [Warning] [isaaclab.utils.math] The function 'quat_rotate_inverse' will be deprecated in favor of the faster method 'quat_apply_inverse'. Please use 'quat_apply_inverse' instead....
2026-09-08T06:44:29Z [12,752ms] [Warning] [isaaclab.sensors.ray_caster.ray_caster] The `attach_yaw_only` property will be deprecated in a future release. Please use `ray_alignment='yaw'` instead.
2026-09-08T06:44:29Z [12,857ms] [Warning] [isaaclab.utils.math] The function 'quat_rotate_inverse' will be deprecated in favor of the faster method 'quat_apply_inverse'. Please use 'quat_apply_inverse' instead....
2026-09-08T06:44:29Z [12,858ms] [Warning] [isaaclab.utils.math] The function 'quat_rotate_inverse' will be deprecated in favor of the faster method 'quat_apply_inverse'. Please use 'quat_apply_inverse' instead....
2026-09-08T06:44:29Z [12,868ms] [Warning] [isaaclab.utils.math] The function 'quat_rotate_inverse' will be deprecated in favor of the faster method 'quat_apply_inverse'. Please use 'quat_apply_inverse' instead....
2026-09-08T06:44:29Z [12,883ms] [Warning] [isaaclab.utils.math] The function 'quat_rotate_inverse' will be deprecated in favor of the faster method 'quat_apply_inverse'. Please use 'quat_apply_inverse' instead....
2026-09-08T06:44:29Z [12,884ms] [Warning] [isaaclab.utils.math] The function 'quat_rotate_inverse' will be deprecated in favor of the faster method 'quat_apply_inverse'. Please use 'quat_apply_inverse' instead....
2026-09-08T06:44:29Z [12,896ms] [Warning] [isaaclab.sensors.ray_caster.ray_caster] The `attach_yaw_only` property will be deprecated in a future release. Please use `ray_alignment='yaw'` instead.
2026-09-08T06:44:29Z [12,898ms] [Warning] [isaaclab.sensors.ray_caster.ray_caster] The `attach_yaw_only` property will be deprecated in a future release. Please use `ray_alignment='yaw'` instead.
2026-09-08T06:44:29Z [12,901ms] [Warning] [isaaclab.utils.math] The function 'quat_rotate_inverse' will be deprecated in favor of the faster method 'quat_apply_inverse'. Please use 'quat_apply_inverse' instead....
2026-09-08T06:44:29Z [12,915ms] [Warning] [isaaclab.sensors.ray_caster.ray_caster] The `attach_yaw_only` property will be deprecated in a future release. Please use `ray_alignment='yaw'` instead.
2026-09-08T06:44:29Z [12,963ms] [Warning] [isaaclab.utils.math] The function 'quat_rotate_inverse' will be deprecated in favor of the faster method 'quat_apply_inverse'. Please use 'quat_apply_inverse' instead....
2026-09-08T06:44:29Z [12,964ms] [Warning] [isaaclab.utils.math] The function 'quat_rotate_inverse' will be deprecated in favor of the faster method 'quat_apply_inverse'. Please use 'quat_apply_inverse' instead....
2026-09-08T06:44:29Z [12,969ms] [Warning] [isaaclab.utils.math] The function 'quat_rotate_inverse' will be deprecated in favor of the faster method 'quat_apply_inverse'. Please use 'quat_apply_inverse' instead....
2026-09-08T06:44:29Z [12,977ms] [Warning] [isaaclab.utils.math] The function 'quat_rotate_inverse' will be deprecated in favor of the faster method 'quat_apply_inverse'. Please use 'quat_apply_inverse' instead....
2026-09-08T06:44:29Z [12,978ms] [Warning] [isaaclab.utils.math] The function 'quat_rotate_inverse' will be deprecated in favor of the faster method 'quat_apply_inverse'. Please use 'quat_apply_inverse' instead....
2026-09-08T06:44:29Z [12,978ms] [Warning] [isaaclab.sensors.ray_caster.ray_caster] The `attach_yaw_only` property will be deprecated in a future release. Please use `ray_alignment='yaw'` instead.
2026-09-08T06:44:29Z [12,979ms] [Warning] [isaaclab.sensors.ray_caster.ray_caster] The `attach_yaw_only` property will be deprecated in a future release. Please use `ray_alignment='yaw'` instead.
2026-09-08T06:44:29Z [12,980ms] [Warning] [isaaclab.utils.math] The function 'quat_rotate_inverse' will be deprecated in favor of the faster method 'quat_apply_inverse'. Please use 'quat_apply_inverse' instead....
2026-09-08T06:44:29Z [12,982ms] [Warning] [isaaclab.sensors.ray_caster.ray_caster] The `attach_yaw_only` property will be deprecated in a future release. Please use `ray_alignment='yaw'` instead.
2026-09-08T06:44:29Z [13,005ms] [Warning] [isaaclab.utils.math] The function 'quat_rotate_inverse' will be deprecated in favor of the faster method 'quat_apply_inverse'. Please use 'quat_apply_inverse' instead....
2026-09-08T06:44:29Z [13,005ms] [Warning] [isaaclab.utils.math] The function 'quat_rotate_inverse' will be deprecated in favor of the faster method 'quat_apply_inverse'. Please use 'quat_apply_inverse' instead....
2026-09-08T06:44:29Z [13,009ms] [Warning] [isaaclab.utils.math] The function 'quat_rotate_inverse' will be deprecated in favor of the faster method 'quat_apply_inverse'. Please use 'quat_apply_inverse' instead....
2026-09-08T06:44:29Z [13,016ms] [Warning] [isaaclab.utils.math] The function 'quat_rotate_inverse' will be deprecated in favor of the faster method 'quat_apply_inverse'. Please use 'quat_apply_inverse' instead....
2026-09-08T06:44:29Z [13,017ms] [Warning] [isaaclab.utils.math] The function 'quat_rotate_inverse' will be deprecated in favor of the faster method 'quat_apply_inverse'. Please use 'quat_apply_inverse' instead....
2026-09-08T06:44:29Z [13,017ms] [Warning] [isaaclab.sensors.ray_caster.ray_caster] The `attach_yaw_only` property will be deprecated in a future release. Please use `ray_alignment='yaw'` instead.
2026-09-08T06:44:29Z [13,019ms] [Warning] [isaaclab.sensors.ray_caster.ray_caster] The `attach_yaw_only` property will be deprecated in a future release. Please use `ray_alignment='yaw'` instead.
2026-09-08T06:44:29Z [13,020ms] [Warning] [isaaclab.utils.math] The function 'quat_rotate_inverse' will be deprecated in favor of the faster method 'quat_apply_inverse'. Please use 'quat_apply_inverse' instead....
2026-09-08T06:44:29Z [13,022ms] [Warning] [isaaclab.sensors.ray_caster.ray_caster] The `attach_yaw_only` property will be deprecated in a future release. Please use `ray_alignment='yaw'` instead.
2026-09-08T06:44:30Z [13,046ms] [Warning] [isaaclab.utils.math] The function 'quat_rotate_inverse' will be deprecated in favor of the faster method 'quat_apply_inverse'. Please use 'quat_apply_inverse' instead....
2026-09-08T06:44:30Z [13,047ms] [Warning] [isaaclab.utils.math] The function 'quat_rotate_inverse' will be deprecated in favor of the faster method 'quat_apply_inverse'. Please use 'quat_apply_inverse' instead....
2026-09-08T06:44:30Z [13,052ms] [Warning] [isaaclab.utils.math] The function 'quat_rotate_inverse' will be deprecated in favor of the faster method 'quat_apply_inverse'. Please use 'quat_apply_inverse' instead....
2026-09-08T06:44:30Z [13,058ms] [Warning] [isaaclab.utils.math] The function 'quat_rotate_inverse' will be deprecated in favor of the faster method 'quat_apply_inverse'. Please use 'quat_apply_inverse' instead....
2026-09-08T06:44:30Z [13,059ms] [Warning] [isaaclab.utils.math] The function 'quat_rotate_inverse' will be deprecated in favor of the faster method 'quat_apply_inverse'. Please use 'quat_apply_inverse' instead....
2026-09-08T06:44:30Z [13,059ms] [Warning] [isaaclab.sensors.ray_caster.ray_caster] The `attach_yaw_only` property will be deprecated in a future release. Please use `ray_alignment='yaw'` instead.
2026-09-08T06:44:30Z [13,060ms] [Warning] [isaaclab.sensors.ray_caster.ray_caster] The `attach_yaw_only` property will be deprecated in a future release. Please use `ray_alignment='yaw'` instead.
2026-09-08T06:44:30Z [13,061ms] [Warning] [isaaclab.utils.math] The function 'quat_rotate_inverse' will be deprecated in favor of the faster method 'quat_apply_inverse'. Please use 'quat_apply_inverse' instead....
2026-09-08T06:44:30Z [13,063ms] [Warning] [isaaclab.sensors.ray_caster.ray_caster] The `attach_yaw_only` property will be deprecated in a future release. Please use `ray_alignment='yaw'` instead.
2026-09-08T06:44:30Z [13,093ms] [Warning] [isaaclab.utils.math] The function 'quat_rotate_inverse' will be deprecated in favor of the faster method 'quat_apply_inverse'. Please use 'quat_apply_inverse' instead....
2026-09-08T06:44:30Z [13,093ms] [Warning] [isaaclab.utils.math] The function 'quat_rotate_inverse' will be deprecated in favor of the faster method 'quat_apply_inverse'. Please use 'quat_apply_inverse' instead....
2026-09-08T06:44:30Z [13,098ms] [Warning] [isaaclab.utils.math] The function 'quat_rotate_inverse' will be deprecated in favor of the faster method 'quat_apply_inverse'. Please use 'quat_apply_inverse' instead....
2026-09-08T06:44:30Z [13,106ms] [Warning] [isaaclab.utils.math] The function 'quat_rotate_inverse' will be deprecated in favor of the faster method 'quat_apply_inverse'. Please use 'quat_apply_inverse' instead....
2026-09-08T06:44:30Z [13,106ms] [Warning] [isaaclab.utils.math] The function 'quat_rotate_inverse' will be deprecated in favor of the faster method 'quat_apply_inverse'. Please use 'quat_apply_inverse' instead....
2026-09-08T06:44:30Z [13,107ms] [Warning] [isaaclab.sensors.ray_caster.ray_caster] The `attach_yaw_only` property will be deprecated in a future release. Please use `ray_alignment='yaw'` instead.
2026-09-08T06:44:30Z [13,109ms] [Warning] [isaaclab.sensors.ray_caster.ray_caster] The `attach_yaw_only` property will be deprecated in a future release. Please use `ray_alignment='yaw'` instead.
2026-09-08T06:44:30Z [13,110ms] [Warning] [isaaclab.utils.math] The function 'quat_rotate_inverse' will be deprecated in favor of the faster method 'quat_apply_inverse'. Please use 'quat_apply_inverse' instead....
2026-09-08T06:44:30Z [13,113ms] [Warning] [isaaclab.sensors.ray_caster.ray_caster] The `attach_yaw_only` property will be deprecated in a future release. Please use `ray_alignment='yaw'` instead.
2026-09-08T06:44:30Z [13,146ms] [Warning] [isaaclab.utils.math] The function 'quat_rotate_inverse' will be deprecated in favor of the faster method 'quat_apply_inverse'. Please use 'quat_apply_inverse' instead....
2026-09-08T06:44:30Z [13,146ms] [Warning] [isaaclab.utils.math] The function 'quat_rotate_inverse' will be deprecated in favor of the faster method 'quat_apply_inverse'. Please use 'quat_apply_inverse' instead....
2026-09-08T06:44:30Z [13,150ms] [Warning] [isaaclab.utils.math] The function 'quat_rotate_inverse' will be deprecated in favor of the faster method 'quat_apply_inverse'. Please use 'quat_apply_inverse' instead....
2026-09-08T06:44:30Z [13,159ms] [Warning] [isaaclab.utils.math] The function 'quat_rotate_inverse' will be deprecated in favor of the faster method 'quat_apply_inverse'. Please use 'quat_apply_inverse' instead....
2026-09-08T06:44:30Z [13,159ms] [Warning] [isaaclab.utils.math] The function 'quat_rotate_inverse' will be deprecated in favor of the faster method 'quat_apply_inverse'. Please use 'quat_apply_inverse' instead....
2026-09-08T06:44:30Z [13,161ms] [Warning] [isaaclab.sensors.ray_caster.ray_caster] The `attach_yaw_only` property will be deprecated in a future release. Please use `ray_alignment='yaw'` instead.
2026-09-08T06:44:30Z [13,163ms] [Warning] [isaaclab.sensors.ray_caster.ray_caster] The `attach_yaw_only` property will be deprecated in a future release. Please use `ray_alignment='yaw'` instead.
2026-09-08T06:44:30Z [13,164ms] [Warning] [isaaclab.utils.math] The function 'quat_rotate_inverse' will be deprecated in favor of the faster method 'quat_apply_inverse'. Please use 'quat_apply_inverse' instead....
2026-09-08T06:44:30Z [13,167ms] [Warning] [isaaclab.sensors.ray_caster.ray_caster] The `attach_yaw_only` property will be deprecated in a future release. Please use `ray_alignment='yaw'` instead.
2026-09-08T06:44:30Z [13,196ms] [Warning] [isaaclab.utils.math] The function 'quat_rotate_inverse' will be deprecated in favor of the faster method 'quat_apply_inverse'. Please use 'quat_apply_inverse' instead....
2026-09-08T06:44:30Z [13,197ms] [Warning] [isaaclab.utils.math] The function 'quat_rotate_inverse' will be deprecated in favor of the faster method 'quat_apply_inverse'. Please use 'quat_apply_inverse' instead....
2026-09-08T06:44:30Z [13,200ms] [Warning] [isaaclab.utils.math] The function 'quat_rotate_inverse' will be deprecated in favor of the faster method 'quat_apply_inverse'. Please use 'quat_apply_inverse' instead....
2026-09-08T06:44:30Z [13,207ms] [Warning] [isaaclab.utils.math] The function 'quat_rotate_inverse' will be deprecated in favor of the faster method 'quat_apply_inverse'. Please use 'quat_apply_inverse' instead....
2026-09-08T06:44:30Z [13,208ms] [Warning] [isaaclab.utils.math] The function 'quat_rotate_inverse' will be deprecated in favor of the faster method 'quat_apply_inverse'. Please use 'quat_apply_inverse' instead....
2026-09-08T06:44:30Z [13,208ms] [Warning] [isaaclab.sensors.ray_caster.ray_caster] The `attach_yaw_only` property will be deprecated in a future release. Please use `ray_alignment='yaw'` instead.
2026-09-08T06:44:30Z [13,210ms] [Warning] [isaaclab.sensors.ray_caster.ray_caster] The `attach_yaw_only` property will be deprecated in a future release. Please use `ray_alignment='yaw'` instead.
2026-09-08T06:44:30Z [13,212ms] [Warning] [isaaclab.utils.math] The function 'quat_rotate_inverse' will be deprecated in favor of the faster method 'quat_apply_inverse'. Please use 'quat_apply_inverse' instead....
2026-09-08T06:44:30Z [13,213ms] [Warning] [isaaclab.sensors.ray_caster.ray_caster] The `attach_yaw_only` property will be deprecated in a future release. Please use `ray_alignment='yaw'` instead.
2026-09-08T06:44:30Z [13,255ms] [Warning] [isaaclab.utils.math] The function 'quat_rotate_inverse' will be deprecated in favor of the faster method 'quat_apply_inverse'. Please use 'quat_apply_inverse' instead....
2026-09-08T06:44:30Z [13,255ms] [Warning] [isaaclab.utils.math] The function 'quat_rotate_inverse' will be deprecated in favor of the faster method 'quat_apply_inverse'. Please use 'quat_apply_inverse' instead....
2026-09-08T06:44:30Z [13,268ms] [Warning] [isaaclab.utils.math] The function 'quat_rotate_inverse' will be deprecated in favor of the faster method 'quat_apply_inverse'. Please use 'quat_apply_inverse' instead....
2026-09-08T06:44:30Z [13,276ms] [Warning] [isaaclab.utils.math] The function 'quat_rotate_inverse' will be deprecated in favor of the faster method 'quat_apply_inverse'. Please use 'quat_apply_inverse' instead....
2026-09-08T06:44:30Z [13,277ms] [Warning] [isaaclab.utils.math] The function 'quat_rotate_inverse' will be deprecated in favor of the faster method 'quat_apply_inverse'. Please use 'quat_apply_inverse' instead....
2026-09-08T06:44:30Z [13,280ms] [Warning] [isaaclab.sensors.ray_caster.ray_caster] The `attach_yaw_only` property will be deprecated in a future release. Please use `ray_alignment='yaw'` instead.
2026-09-08T06:44:30Z [13,288ms] [Warning] [isaaclab.sensors.ray_caster.ray_caster] The `attach_yaw_only` property will be deprecated in a future release. Please use `ray_alignment='yaw'` instead.
2026-09-08T06:44:30Z [13,290ms] [Warning] [isaaclab.utils.math] The function 'quat_rotate_inverse' will be deprecated in favor of the faster method 'quat_apply_inverse'. Please use 'quat_apply_inverse' instead....
2026-09-08T06:44:30Z [13,294ms] [Warning] [isaaclab.sensors.ray_caster.ray_caster] The `attach_yaw_only` property will be deprecated in a future release. Please use `ray_alignment='yaw'` instead.
2026-09-08T06:44:30Z [13,342ms] [Warning] [isaaclab.utils.math] The function 'quat_rotate_inverse' will be deprecated in favor of the faster method 'quat_apply_inverse'. Please use 'quat_apply_inverse' instead....
2026-09-08T06:44:30Z [13,342ms] [Warning] [isaaclab.utils.math] The function 'quat_rotate_inverse' will be deprecated in favor of the faster method 'quat_apply_inverse'. Please use 'quat_apply_inverse' instead....
2026-09-08T06:44:30Z [13,346ms] [Warning] [isaaclab.utils.math] The function 'quat_rotate_inverse' will be deprecated in favor of the faster method 'quat_apply_inverse'. Please use 'quat_apply_inverse' instead....
2026-09-08T06:44:30Z [13,354ms] [Warning] [isaaclab.utils.math] The function 'quat_rotate_inverse' will be deprecated in favor of the faster method 'quat_apply_inverse'. Please use 'quat_apply_inverse' instead....
2026-09-08T06:44:30Z [13,355ms] [Warning] [isaaclab.utils.math] The function 'quat_rotate_inverse' will be deprecated in favor of the faster method 'quat_apply_inverse'. Please use 'quat_apply_inverse' instead....
2026-09-08T06:44:30Z [13,356ms] [Warning] [isaaclab.sensors.ray_caster.ray_caster] The `attach_yaw_only` property will be deprecated in a future release. Please use `ray_alignment='yaw'` instead.
2026-09-08T06:44:30Z [13,358ms] [Warning] [isaaclab.sensors.ray_caster.ray_caster] The `attach_yaw_only` property will be deprecated in a future release. Please use `ray_alignment='yaw'` instead.
2026-09-08T06:44:30Z [13,359ms] [Warning] [isaaclab.utils.math] The function 'quat_rotate_inverse' will be deprecated in favor of the faster method 'quat_apply_inverse'. Please use 'quat_apply_inverse' instead....
2026-09-08T06:44:30Z [13,362ms] [Warning] [isaaclab.sensors.ray_caster.ray_caster] The `attach_yaw_only` property will be deprecated in a future release. Please use `ray_alignment='yaw'` instead.
2026-09-08T06:44:30Z [13,394ms] [Warning] [isaaclab.utils.math] The function 'quat_rotate_inverse' will be deprecated in favor of the faster method 'quat_apply_inverse'. Please use 'quat_apply_inverse' instead....
2026-09-08T06:44:30Z [13,394ms] [Warning] [isaaclab.utils.math] The function 'quat_rotate_inverse' will be deprecated in favor of the faster method 'quat_apply_inverse'. Please use 'quat_apply_inverse' instead....
2026-09-08T06:44:30Z [13,397ms] [Warning] [isaaclab.utils.math] The function 'quat_rotate_inverse' will be deprecated in favor of the faster method 'quat_apply_inverse'. Please use 'quat_apply_inverse' instead....
2026-09-08T06:44:30Z [13,404ms] [Warning] [isaaclab.utils.math] The function 'quat_rotate_inverse' will be deprecated in favor of the faster method 'quat_apply_inverse'. Please use 'quat_apply_inverse' instead....
2026-09-08T06:44:30Z [13,405ms] [Warning] [isaaclab.utils.math] The function 'quat_rotate_inverse' will be deprecated in favor of the faster method 'quat_apply_inverse'. Please use 'quat_apply_inverse' instead....
2026-09-08T06:44:30Z [13,406ms] [Warning] [isaaclab.sensors.ray_caster.ray_caster] The `attach_yaw_only` property will be deprecated in a future release. Please use `ray_alignment='yaw'` instead.
2026-09-08T06:44:30Z [13,407ms] [Warning] [isaaclab.sensors.ray_caster.ray_caster] The `attach_yaw_only` property will be deprecated in a future release. Please use `ray_alignment='yaw'` instead.
2026-09-08T06:44:30Z [13,409ms] [Warning] [isaaclab.utils.math] The function 'quat_rotate_inverse' will be deprecated in favor of the faster method 'quat_apply_inverse'. Please use 'quat_apply_inverse' instead....
2026-09-08T06:44:30Z [13,412ms] [Warning] [isaaclab.sensors.ray_caster.ray_caster] The `attach_yaw_only` property will be deprecated in a future release. Please use `ray_alignment='yaw'` instead.
2026-09-08T06:44:30Z [13,467ms] [Warning] [isaaclab.utils.math] The function 'quat_rotate_inverse' will be deprecated in favor of the faster method 'quat_apply_inverse'. Please use 'quat_apply_inverse' instead....
2026-09-08T06:44:30Z [13,468ms] [Warning] [isaaclab.utils.math] The function 'quat_rotate_inverse' will be deprecated in favor of the faster method 'quat_apply_inverse'. Please use 'quat_apply_inverse' instead....
2026-09-08T06:44:30Z [13,473ms] [Warning] [isaaclab.utils.math] The function 'quat_rotate_inverse' will be deprecated in favor of the faster method 'quat_apply_inverse'. Please use 'quat_apply_inverse' instead....
2026-09-08T06:44:30Z [13,488ms] [Warning] [isaaclab.utils.math] The function 'quat_rotate_inverse' will be deprecated in favor of the faster method 'quat_apply_inverse'. Please use 'quat_apply_inverse' instead....
2026-09-08T06:44:30Z [13,489ms] [Warning] [isaaclab.utils.math] The function 'quat_rotate_inverse' will be deprecated in favor of the faster method 'quat_apply_inverse'. Please use 'quat_apply_inverse' instead....
2026-09-08T06:44:30Z [13,491ms] [Warning] [isaaclab.sensors.ray_caster.ray_caster] The `attach_yaw_only` property will be deprecated in a future release. Please use `ray_alignment='yaw'` instead.
2026-09-08T06:44:30Z [13,499ms] [Warning] [isaaclab.sensors.ray_caster.ray_caster] The `attach_yaw_only` property will be deprecated in a future release. Please use `ray_alignment='yaw'` instead.
2026-09-08T06:44:30Z [13,503ms] [Warning] [isaaclab.utils.math] The function 'quat_rotate_inverse' will be deprecated in favor of the faster method 'quat_apply_inverse'. Please use 'quat_apply_inverse' instead....
2026-09-08T06:44:30Z [13,507ms] [Warning] [isaaclab.sensors.ray_caster.ray_caster] The `attach_yaw_only` property will be deprecated in a future release. Please use `ray_alignment='yaw'` instead.
2026-09-08T06:44:30Z [13,541ms] [Warning] [isaaclab.utils.math] The function 'quat_rotate_inverse' will be deprecated in favor of the faster method 'quat_apply_inverse'. Please use 'quat_apply_inverse' instead....
2026-09-08T06:44:30Z [13,542ms] [Warning] [isaaclab.utils.math] The function 'quat_rotate_inverse' will be deprecated in favor of the faster method 'quat_apply_inverse'. Please use 'quat_apply_inverse' instead....
2026-09-08T06:44:30Z [13,546ms] [Warning] [isaaclab.utils.math] The function 'quat_rotate_inverse' will be deprecated in favor of the faster method 'quat_apply_inverse'. Please use 'quat_apply_inverse' instead....
2026-09-08T06:44:30Z [13,554ms] [Warning] [isaaclab.utils.math] The function 'quat_rotate_inverse' will be deprecated in favor of the faster method 'quat_apply_inverse'. Please use 'quat_apply_inverse' instead....
2026-09-08T06:44:30Z [13,554ms] [Warning] [isaaclab.utils.math] The function 'quat_rotate_inverse' will be deprecated in favor of the faster method 'quat_apply_inverse'. Please use 'quat_apply_inverse' instead....
2026-09-08T06:44:30Z [13,555ms] [Warning] [isaaclab.sensors.ray_caster.ray_caster] The `attach_yaw_only` property will be deprecated in a future release. Please use `ray_alignment='yaw'` instead.
2026-09-08T06:44:30Z [13,557ms] [Warning] [isaaclab.sensors.ray_caster.ray_caster] The `attach_yaw_only` property will be deprecated in a future release. Please use `ray_alignment='yaw'` instead.
2026-09-08T06:44:30Z [13,559ms] [Warning] [isaaclab.utils.math] The function 'quat_rotate_inverse' will be deprecated in favor of the faster method 'quat_apply_inverse'. Please use 'quat_apply_inverse' instead....
2026-09-08T06:44:30Z [13,563ms] [Warning] [isaaclab.sensors.ray_caster.ray_caster] The `attach_yaw_only` property will be deprecated in a future release. Please use `ray_alignment='yaw'` instead.
2026-09-08T06:44:30Z [13,597ms] [Warning] [isaaclab.utils.math] The function 'quat_rotate_inverse' will be deprecated in favor of the faster method 'quat_apply_inverse'. Please use 'quat_apply_inverse' instead....
2026-09-08T06:44:30Z [13,598ms] [Warning] [isaaclab.utils.math] The function 'quat_rotate_inverse' will be deprecated in favor of the faster method 'quat_apply_inverse'. Please use 'quat_apply_inverse' instead....
2026-09-08T06:44:30Z [13,602ms] [Warning] [isaaclab.utils.math] The function 'quat_rotate_inverse' will be deprecated in favor of the faster method 'quat_apply_inverse'. Please use 'quat_apply_inverse' instead....
2026-09-08T06:44:30Z [13,610ms] [Warning] [isaaclab.utils.math] The function 'quat_rotate_inverse' will be deprecated in favor of the faster method 'quat_apply_inverse'. Please use 'quat_apply_inverse' instead....
2026-09-08T06:44:30Z [13,611ms] [Warning] [isaaclab.utils.math] The function 'quat_rotate_inverse' will be deprecated in favor of the faster method 'quat_apply_inverse'. Please use 'quat_apply_inverse' instead....
2026-09-08T06:44:30Z [13,612ms] [Warning] [isaaclab.sensors.ray_caster.ray_caster] The `attach_yaw_only` property will be deprecated in a future release. Please use `ray_alignment='yaw'` instead.
2026-09-08T06:44:30Z [13,615ms] [Warning] [isaaclab.sensors.ray_caster.ray_caster] The `attach_yaw_only` property will be deprecated in a future release. Please use `ray_alignment='yaw'` instead.
2026-09-08T06:44:30Z [13,616ms] [Warning] [isaaclab.utils.math] The function 'quat_rotate_inverse' will be deprecated in favor of the faster method 'quat_apply_inverse'. Please use 'quat_apply_inverse' instead....
2026-09-08T06:44:30Z [13,629ms] [Warning] [isaaclab.sensors.ray_caster.ray_caster] The `attach_yaw_only` property will be deprecated in a future release. Please use `ray_alignment='yaw'` instead.
2026-09-08T06:44:30Z [13,697ms] [Warning] [isaaclab.utils.math] The function 'quat_rotate_inverse' will be deprecated in favor of the faster method 'quat_apply_inverse'. Please use 'quat_apply_inverse' instead....
2026-09-08T06:44:30Z [13,698ms] [Warning] [isaaclab.utils.math] The function 'quat_rotate_inverse' will be deprecated in favor of the faster method 'quat_apply_inverse'. Please use 'quat_apply_inverse' instead....
2026-09-08T06:44:30Z [13,702ms] [Warning] [isaaclab.utils.math] The function 'quat_rotate_inverse' will be deprecated in favor of the faster method 'quat_apply_inverse'. Please use 'quat_apply_inverse' instead....
2026-09-08T06:44:30Z [13,708ms] [Warning] [isaaclab.utils.math] The function 'quat_rotate_inverse' will be deprecated in favor of the faster method 'quat_apply_inverse'. Please use 'quat_apply_inverse' instead....
2026-09-08T06:44:30Z [13,709ms] [Warning] [isaaclab.utils.math] The function 'quat_rotate_inverse' will be deprecated in favor of the faster method 'quat_apply_inverse'. Please use 'quat_apply_inverse' instead....
2026-09-08T06:44:30Z [13,710ms] [Warning] [isaaclab.sensors.ray_caster.ray_caster] The `attach_yaw_only` property will be deprecated in a future release. Please use `ray_alignment='yaw'` instead.
2026-09-08T06:44:30Z [13,711ms] [Warning] [isaaclab.sensors.ray_caster.ray_caster] The `attach_yaw_only` property will be deprecated in a future release. Please use `ray_alignment='yaw'` instead.
2026-09-08T06:44:30Z [13,713ms] [Warning] [isaaclab.utils.math] The function 'quat_rotate_inverse' will be deprecated in favor of the faster method 'quat_apply_inverse'. Please use 'quat_apply_inverse' instead....
2026-09-08T06:44:30Z [13,716ms] [Warning] [isaaclab.sensors.ray_caster.ray_caster] The `attach_yaw_only` property will be deprecated in a future release. Please use `ray_alignment='yaw'` instead.
2026-09-08T06:44:31Z [14,074ms] [Warning] [isaaclab.utils.math] The function 'quat_rotate_inverse' will be deprecated in favor of the faster method 'quat_apply_inverse'. Please use 'quat_apply_inverse' instead....
2026-09-08T06:44:31Z [14,119ms] [Warning] [isaaclab.utils.math] The function 'quat_rotate_inverse' will be deprecated in favor of the faster method 'quat_apply_inverse'. Please use 'quat_apply_inverse' instead....
2026-09-08T06:44:31Z [14,120ms] [Warning] [isaaclab.utils.math] The function 'quat_rotate_inverse' will be deprecated in favor of the faster method 'quat_apply_inverse'. Please use 'quat_apply_inverse' instead....
2026-09-08T06:44:31Z [14,124ms] [Warning] [isaaclab.utils.math] The function 'quat_rotate_inverse' will be deprecated in favor of the faster method 'quat_apply_inverse'. Please use 'quat_apply_inverse' instead....
2026-09-08T06:44:31Z [14,134ms] [Warning] [isaaclab.utils.math] The function 'quat_rotate_inverse' will be deprecated in favor of the faster method 'quat_apply_inverse'. Please use 'quat_apply_inverse' instead....
2026-09-08T06:44:31Z [14,134ms] [Warning] [isaaclab.utils.math] The function 'quat_rotate_inverse' will be deprecated in favor of the faster method 'quat_apply_inverse'. Please use 'quat_apply_inverse' instead....
2026-09-08T06:44:31Z [14,135ms] [Warning] [isaaclab.sensors.ray_caster.ray_caster] The `attach_yaw_only` property will be deprecated in a future release. Please use `ray_alignment='yaw'` instead.
2026-09-08T06:44:31Z [14,137ms] [Warning] [isaaclab.sensors.ray_caster.ray_caster] The `attach_yaw_only` property will be deprecated in a future release. Please use `ray_alignment='yaw'` instead.
2026-09-08T06:44:31Z [14,139ms] [Warning] [isaaclab.utils.math] The function 'quat_rotate_inverse' will be deprecated in favor of the faster method 'quat_apply_inverse'. Please use 'quat_apply_inverse' instead....
2026-09-08T06:44:31Z [14,143ms] [Warning] [isaaclab.sensors.ray_caster.ray_caster] The `attach_yaw_only` property will be deprecated in a future release. Please use `ray_alignment='yaw'` instead.
2026-09-08T06:44:31Z [14,207ms] [Warning] [isaaclab.utils.math] The function 'quat_rotate_inverse' will be deprecated in favor of the faster method 'quat_apply_inverse'. Please use 'quat_apply_inverse' instead....
