/bin/bash: /home/nubot/anaconda3/envs/isaaclab/lib/libtinfo.so.6: no version information available (required by /bin/bash)
Loading user config located at: '/home/nubot/isaac-sim-standalone-5.1.0-linux-x86_64/kit/data/Kit/Isaac-Sim/4.5/user.config.json'
[Info] [carb] Logging to file: /home/nubot/isaac-sim-standalone-5.1.0-linux-x86_64/kit/logs/Kit/Isaac-Sim/4.5/kit_20260908_144452.log
2026-09-08T06:44:52Z [4ms] [Warning] [omni.ext.plugin] [ext: rendering_modes] Extensions config 'extension.toml' doesn't exist '/home/nubot/IsaacLab/apps/rendering_modes' or '/home/nubot/IsaacLab/apps/rendering_modes/config'
2026-09-08T06:44:52Z [227ms] [Warning] [omni.usd_config.extension] Enable omni.materialx.libs extension to use MaterialX
2026-09-08T06:44:52Z [397ms] [Warning] [omni.platforminfo.plugin] failed to open the default display.  Can't verify X Server version.
2026-09-08T06:44:52Z [647ms] [Warning] [carb] Acquiring non optional plugin interface which is not listed as dependency: [omni::physx::IPhysxBenchmarks v1.0] (plugin: <default plugin>), by client: omni.physics.physx.plugin. Add it to CARB_PLUGIN_IMPL_DEPS() macro of a client.
2026-09-08T06:44:52Z [652ms] [Warning] [omni.isaac.dynamic_control] omni.isaac.dynamic_control is deprecated as of Isaac Sim 4.5. No action is needed from end-users.
2026-09-08T06:44:56Z [4,626ms] [Warning] [carb.cudainterop.plugin] CUDA_VISIBLE_DEVICES environment variable is set.
2026-09-08T06:44:56Z [4,626ms] [Warning] [carb.cudainterop.plugin] Note CUDA device enumeration and Omniverse device enumeration are different.
2026-09-08T06:44:56Z [4,626ms] [Warning] [carb.cudainterop.plugin] Setting CUDA_VISIBLE_DEVICES can lead to undesired behavior or crashes.
2026-09-08T06:44:57Z [5,330ms] [Warning] [gpu.foundation.plugin] Skipping NVIDIA GPU due CUDA being in bad state: NVIDIA GeForce RTX 4090
2026-09-08T06:44:57Z [5,330ms] [Warning] [gpu.foundation.plugin] Please restart your system if CUDA is known to work in your system.
2026-09-08T06:44:57Z [5,332ms] [Warning] [gpu.foundation.plugin] Skipping NVIDIA GPU due CUDA being in bad state: NVIDIA GeForce RTX 4090
2026-09-08T06:44:57Z [5,332ms] [Warning] [gpu.foundation.plugin] Please restart your system if CUDA is known to work in your system.
2026-09-08T06:44:57Z [5,333ms] [Warning] [gpu.foundation.plugin] Skipping NVIDIA GPU due CUDA being in bad state: NVIDIA GeForce RTX 4090
2026-09-08T06:44:57Z [5,333ms] [Warning] [gpu.foundation.plugin] Please restart your system if CUDA is known to work in your system.
2026-09-08T06:44:57Z [5,334ms] [Warning] [gpu.foundation.plugin] Skipping NVIDIA GPU due CUDA being in bad state: NVIDIA GeForce RTX 4090
2026-09-08T06:44:57Z [5,334ms] [Warning] [gpu.foundation.plugin] Please restart your system if CUDA is known to work in your system.
2026-09-08T06:44:57Z [5,334ms] [Warning] [gpu.foundation.plugin] Skipping NVIDIA GPU due CUDA being in bad state: NVIDIA GeForce RTX 4090
2026-09-08T06:44:57Z [5,334ms] [Warning] [gpu.foundation.plugin] Please restart your system if CUDA is known to work in your system.
2026-09-08T06:44:57Z [5,334ms] [Warning] [gpu.foundation.plugin] Skipping NVIDIA GPU due CUDA being in bad state: NVIDIA GeForce RTX 4090
2026-09-08T06:44:57Z [5,334ms] [Warning] [gpu.foundation.plugin] Please restart your system if CUDA is known to work in your system.

|---------------------------------------------------------------------------------------------|
| Driver Version: 570.133.20    | Graphics API: Vulkan
|=============================================================================================|
| GPU | Name                             | Active | LDA | GPU Memory | Vendor-ID | LUID       |
|     |                                  |        |     |            | Device-ID | UUID       |
|     |                                  |        |     |            | Bus-ID    |            |
|---------------------------------------------------------------------------------------------|
| 0   | NVIDIA GeForce RTX 4090          | Yes: 0 |     | 24810   MB | 10de      | 0          |
|     |                                  |        |     |            | 2684      | a29f1f68.. |
|     |                                  |        |     |            | 28        |            |
|---------------------------------------------------------------------------------------------|
| 1   | NVIDIA GeForce RTX 4090          |        |     | 24810   MB | 10de      | 0          |
|     |                                  |        |     |            | 2684      | 75ba5f3b.. |
|     |                                  |        |     |            | 29        |            |
|---------------------------------------------------------------------------------------------|
| 2   | NVIDIA GeForce RTX 4090          |        |     | 24810   MB | 10de      | 0          |
|     |                                  |        |     |            | 2684      | b2434cbe.. |
|     |                                  |        |     |            | 2c        |            |
|---------------------------------------------------------------------------------------------|
| 3   | NVIDIA GeForce RTX 4090          |        |     | 24810   MB | 10de      | 0          |
|     |                                  |        |     |            | 2684      | d577411e.. |
|     |                                  |        |     |            | b1        |            |
|=============================================================================================|
| OS: 20.04.6 LTS (Focal Fossa) ubuntu, Version: 20.04.6, Kernel: 5.15.0-139-generic
| Processor: Intel(R) Xeon(R) Platinum 8458P
| Cores: 88 | Logical Cores: 176
|---------------------------------------------------------------------------------------------|
| Total Memory (MB): 515591 | Free Memory: 173371
| Total Page/Swap (MB): 62499 | Free Page/Swap: 17592186044415
|---------------------------------------------------------------------------------------------|
2026-09-08T06:44:57Z [5,650ms] [Warning] [omni.kvdb.plugin] Disabling key-value database because another kit process is locking it
2026-09-08T06:44:59Z [7,002ms] [Warning] [carb.windowing-glfw.plugin] GLFW initialization failed.
2026-09-08T06:44:59Z [7,002ms] [Warning] [carb] Failed to startup plugin carb.windowing-glfw.plugin (interfaces: [carb::windowing::IGLContext v1.0],[carb::windowing::IWindowing v1.5]) (impl: carb.windowing-glfw.plugin)
2026-09-08T06:44:59Z [7,302ms] [Warning] [gpu.foundation.plugin] Skipping NVIDIA GPU due CUDA being in bad state: NVIDIA GeForce RTX 4090
2026-09-08T06:44:59Z [7,302ms] [Warning] [gpu.foundation.plugin] Please restart your system if CUDA is known to work in your system.
2026-09-08T06:44:59Z [7,303ms] [Warning] [gpu.foundation.plugin] Skipping NVIDIA GPU due CUDA being in bad state: NVIDIA GeForce RTX 4090
2026-09-08T06:44:59Z [7,303ms] [Warning] [gpu.foundation.plugin] Please restart your system if CUDA is known to work in your system.
2026-09-08T06:44:59Z [7,304ms] [Warning] [gpu.foundation.plugin] Skipping NVIDIA GPU due CUDA being in bad state: NVIDIA GeForce RTX 4090
2026-09-08T06:44:59Z [7,304ms] [Warning] [gpu.foundation.plugin] Please restart your system if CUDA is known to work in your system.
2026-09-08T06:44:59Z [7,304ms] [Warning] [gpu.foundation.plugin] Skipping NVIDIA GPU due CUDA being in bad state: NVIDIA GeForce RTX 4090
2026-09-08T06:44:59Z [7,304ms] [Warning] [gpu.foundation.plugin] Please restart your system if CUDA is known to work in your system.
2026-09-08T06:44:59Z [7,304ms] [Warning] [gpu.foundation.plugin] Skipping NVIDIA GPU due CUDA being in bad state: NVIDIA GeForce RTX 4090
2026-09-08T06:44:59Z [7,304ms] [Warning] [gpu.foundation.plugin] Please restart your system if CUDA is known to work in your system.
2026-09-08T06:44:59Z [7,304ms] [Warning] [gpu.foundation.plugin] Skipping NVIDIA GPU due CUDA being in bad state: NVIDIA GeForce RTX 4090
2026-09-08T06:44:59Z [7,304ms] [Warning] [gpu.foundation.plugin] Please restart your system if CUDA is known to work in your system.

|---------------------------------------------------------------------------------------------|
| Driver Version: 570.133.20    | Graphics API: Vulkan
|=============================================================================================|
| GPU | Name                             | Active | LDA | GPU Memory | Vendor-ID | LUID       |
|     |                                  |        |     |            | Device-ID | UUID       |
|     |                                  |        |     |            | Bus-ID    |            |
|---------------------------------------------------------------------------------------------|
| 0   | NVIDIA GeForce RTX 4090          | Yes: 0 |     | 24810   MB | 10de      | 0          |
|     |                                  |        |     |            | 2684      | a29f1f68.. |
|     |                                  |        |     |            | 28        |            |
|---------------------------------------------------------------------------------------------|
| 1   | NVIDIA GeForce RTX 4090          |        |     | 24810   MB | 10de      | 0          |
|     |                                  |        |     |            | 2684      | 75ba5f3b.. |
|     |                                  |        |     |            | 29        |            |
|---------------------------------------------------------------------------------------------|
| 2   | NVIDIA GeForce RTX 4090          |        |     | 24810   MB | 10de      | 0          |
|     |                                  |        |     |            | 2684      | b2434cbe.. |
|     |                                  |        |     |            | 2c        |            |
|---------------------------------------------------------------------------------------------|
| 3   | NVIDIA GeForce RTX 4090          |        |     | 24810   MB | 10de      | 0          |
|     |                                  |        |     |            | 2684      | d577411e.. |
|     |                                  |        |     |            | b1        |            |
|=============================================================================================|
| OS: 20.04.6 LTS (Focal Fossa) ubuntu, Version: 20.04.6, Kernel: 5.15.0-139-generic
| Processor: Intel(R) Xeon(R) Platinum 8458P
| Cores: 88 | Logical Cores: 176
|---------------------------------------------------------------------------------------------|
| Total Memory (MB): 515591 | Free Memory: 173059
| Total Page/Swap (MB): 62499 | Free Page/Swap: 17592186044415
|---------------------------------------------------------------------------------------------|
2026-09-08T06:45:00Z [8,124ms] [Warning] [carb.windowing-glfw.plugin] GLFW initialization failed.
2026-09-08T06:45:00Z [8,124ms] [Warning] [carb] Failed to startup plugin carb.windowing-glfw.plugin (interfaces: [carb::windowing::IGLContext v1.0],[carb::windowing::IWindowing v1.5]) (impl: carb.windowing-glfw.plugin)
2026-09-08T06:45:00Z [8,143ms] [Warning] [carb.windowing-glfw.plugin] GLFW initialization failed.
2026-09-08T06:45:00Z [8,143ms] [Warning] [carb] Failed to startup plugin carb.windowing-glfw.plugin (interfaces: [carb::windowing::IGLContext v1.0],[carb::windowing::IWindowing v1.5]) (impl: carb.windowing-glfw.plugin)
2026-09-08T06:45:00Z [8,152ms] [Warning] [carb.windowing-glfw.plugin] GLFW initialization failed.
2026-09-08T06:45:00Z [8,152ms] [Warning] [carb] Failed to startup plugin carb.windowing-glfw.plugin (interfaces: [carb::windowing::IGLContext v1.0],[carb::windowing::IWindowing v1.5]) (impl: carb.windowing-glfw.plugin)
2026-09-08T06:45:00Z [8,160ms] [Warning] [carb.windowing-glfw.plugin] GLFW initialization failed.
2026-09-08T06:45:00Z [8,160ms] [Warning] [carb] Failed to startup plugin carb.windowing-glfw.plugin (interfaces: [carb::windowing::IGLContext v1.0],[carb::windowing::IWindowing v1.5]) (impl: carb.windowing-glfw.plugin)
2026-09-08T06:45:00Z [8,161ms] [Warning] [carb.windowing-glfw.plugin] GLFW initialization failed.
2026-09-08T06:45:00Z [8,161ms] [Warning] [carb] Failed to startup plugin carb.windowing-glfw.plugin (interfaces: [carb::windowing::IGLContext v1.0],[carb::windowing::IWindowing v1.5]) (impl: carb.windowing-glfw.plugin)
2026-09-08T06:45:00Z [8,163ms] [Warning] [carb.windowing-glfw.plugin] GLFW initialization failed.
2026-09-08T06:45:00Z [8,163ms] [Warning] [carb] Failed to startup plugin carb.windowing-glfw.plugin (interfaces: [carb::windowing::IGLContext v1.0],[carb::windowing::IWindowing v1.5]) (impl: carb.windowing-glfw.plugin)
2026-09-08T06:45:00Z [8,592ms] [Warning] [omni.graph.visualization.nodes._impl.extension] No Viewport Window to add omni.graph.visualization.nodes-2.1.3 scene to
2026-09-08T06:45:01Z [8,848ms] [Warning] [isaacsim.asset.importer.urdf] link left_sphere_hand_tip_link has no body properties (mass, inertia, or collisions) and is being merged into left_sphere_hand_link
2026-09-08T06:45:01Z [8,848ms] [Warning] [isaacsim.asset.importer.urdf] link right_sphere_hand_tip_link has no body properties (mass, inertia, or collisions) and is being merged into right_sphere_hand_link
2026-09-08T06:45:01Z [8,968ms] [Warning] [isaacsim.asset.importer.urdf] J_arm_l_01: Joint Axis is not body aligned with X, Y or Z primary axis. Adjusting PhysX joint alignment to Axis X and reorienting bodies.
2026-09-08T06:45:01Z [9,183ms] [Warning] [isaacsim.asset.importer.urdf] J_arm_r_01: Joint Axis is not body aligned with X, Y or Z primary axis. Adjusting PhysX joint alignment to Axis X and reorienting bodies.
2026-09-08T06:45:02Z [10,220ms] [Warning] [omni.physx.tensors.plugin] DEPRECATED: Please use getDofFrictionProperties instead.
2026-09-08T06:45:02Z [10,249ms] [Warning] [omni.physx.tensors.plugin] DEPRECATED: Please use setDofFrictionProperties instead.
2026-09-08T06:45:02Z [10,261ms] [Warning] [omni.physx.tensors.plugin] DEPRECATED: Please use setDofFrictionProperties instead.
2026-09-08T06:45:02Z [10,265ms] [Warning] [omni.physx.tensors.plugin] DEPRECATED: Please use setDofFrictionProperties instead.
2026-09-08T06:45:02Z [10,266ms] [Warning] [omni.physx.tensors.plugin] DEPRECATED: Please use setDofFrictionProperties instead.
2026-09-08T06:45:02Z [10,282ms] [Warning] [omni.physx.tensors.plugin] DEPRECATED: Please use setDofFrictionProperties instead.
2026-09-08T06:45:02Z [10,309ms] [Warning] [omni.physx.tensors.plugin] DEPRECATED: Please use getDofFrictionProperties instead.
2026-09-08T06:45:02Z [10,636ms] [Warning] [isaaclab.utils.math] The function 'quat_rotate_inverse' will be deprecated in favor of the faster method 'quat_apply_inverse'. Please use 'quat_apply_inverse' instead....
2026-09-08T06:45:03Z [10,843ms] [Warning] [isaaclab.utils.math] The function 'quat_rotate_inverse' will be deprecated in favor of the faster method 'quat_apply_inverse'. Please use 'quat_apply_inverse' instead....
2026-09-08T06:45:03Z [11,042ms] [Warning] [isaaclab.utils.math] The function 'quat_rotate_inverse' will be deprecated in favor of the faster method 'quat_apply_inverse'. Please use 'quat_apply_inverse' instead....
2026-09-08T06:45:03Z [11,061ms] [Warning] [isaaclab.utils.math] The function 'quat_rotate_inverse' will be deprecated in favor of the faster method 'quat_apply_inverse'. Please use 'quat_apply_inverse' instead....
2026-09-08T06:45:03Z [11,158ms] [Warning] [isaaclab.utils.math] The function 'quat_rotate_inverse' will be deprecated in favor of the faster method 'quat_apply_inverse'. Please use 'quat_apply_inverse' instead....
2026-09-08T06:45:03Z [11,185ms] [Warning] [isaaclab.utils.math] The function 'quat_rotate_inverse' will be deprecated in favor of the faster method 'quat_apply_inverse'. Please use 'quat_apply_inverse' instead....
2026-09-08T06:45:03Z [11,186ms] [Warning] [isaaclab.sensors.ray_caster.ray_caster] The `attach_yaw_only` property will be deprecated in a future release. Please use `ray_alignment='yaw'` instead.
2026-09-08T06:45:03Z [11,321ms] [Warning] [isaaclab.sensors.ray_caster.ray_caster] The `attach_yaw_only` property will be deprecated in a future release. Please use `ray_alignment='yaw'` instead.
2026-09-08T06:45:03Z [11,449ms] [Warning] [isaaclab.utils.math] The function 'quat_rotate_inverse' will be deprecated in favor of the faster method 'quat_apply_inverse'. Please use 'quat_apply_inverse' instead....
2026-09-08T06:45:03Z [11,454ms] [Warning] [isaaclab.sensors.ray_caster.ray_caster] The `attach_yaw_only` property will be deprecated in a future release. Please use `ray_alignment='yaw'` instead.
2026-09-08T06:45:03Z [11,521ms] [Warning] [isaaclab.utils.math] The function 'quat_rotate_inverse' will be deprecated in favor of the faster method 'quat_apply_inverse'. Please use 'quat_apply_inverse' instead....
2026-09-08T06:45:03Z [11,522ms] [Warning] [isaaclab.utils.math] The function 'quat_rotate_inverse' will be deprecated in favor of the faster method 'quat_apply_inverse'. Please use 'quat_apply_inverse' instead....
2026-09-08T06:45:03Z [11,527ms] [Warning] [isaaclab.utils.math] The function 'quat_rotate_inverse' will be deprecated in favor of the faster method 'quat_apply_inverse'. Please use 'quat_apply_inverse' instead....
2026-09-08T06:45:03Z [11,543ms] [Warning] [isaaclab.utils.math] The function 'quat_rotate_inverse' will be deprecated in favor of the faster method 'quat_apply_inverse'. Please use 'quat_apply_inverse' instead....
2026-09-08T06:45:03Z [11,578ms] [Warning] [isaaclab.utils.math] The function 'quat_rotate_inverse' will be deprecated in favor of the faster method 'quat_apply_inverse'. Please use 'quat_apply_inverse' instead....
2026-09-08T06:45:03Z [11,579ms] [Warning] [isaaclab.sensors.ray_caster.ray_caster] The `attach_yaw_only` property will be deprecated in a future release. Please use `ray_alignment='yaw'` instead.
2026-09-08T06:45:03Z [11,581ms] [Warning] [isaaclab.sensors.ray_caster.ray_caster] The `attach_yaw_only` property will be deprecated in a future release. Please use `ray_alignment='yaw'` instead.
2026-09-08T06:45:03Z [11,582ms] [Warning] [isaaclab.utils.math] The function 'quat_rotate_inverse' will be deprecated in favor of the faster method 'quat_apply_inverse'. Please use 'quat_apply_inverse' instead....
2026-09-08T06:45:03Z [11,586ms] [Warning] [isaaclab.sensors.ray_caster.ray_caster] The `attach_yaw_only` property will be deprecated in a future release. Please use `ray_alignment='yaw'` instead.
2026-09-08T06:45:04Z [11,796ms] [Warning] [isaaclab.utils.math] The function 'quat_rotate_inverse' will be deprecated in favor of the faster method 'quat_apply_inverse'. Please use 'quat_apply_inverse' instead....
2026-09-08T06:45:04Z [11,796ms] [Warning] [isaaclab.utils.math] The function 'quat_rotate_inverse' will be deprecated in favor of the faster method 'quat_apply_inverse'. Please use 'quat_apply_inverse' instead....
2026-09-08T06:45:04Z [11,799ms] [Warning] [isaaclab.utils.math] The function 'quat_rotate_inverse' will be deprecated in favor of the faster method 'quat_apply_inverse'. Please use 'quat_apply_inverse' instead....
2026-09-08T06:45:04Z [11,807ms] [Warning] [isaaclab.utils.math] The function 'quat_rotate_inverse' will be deprecated in favor of the faster method 'quat_apply_inverse'. Please use 'quat_apply_inverse' instead....
2026-09-08T06:45:04Z [11,808ms] [Warning] [isaaclab.utils.math] The function 'quat_rotate_inverse' will be deprecated in favor of the faster method 'quat_apply_inverse'. Please use 'quat_apply_inverse' instead....
2026-09-08T06:45:04Z [11,809ms] [Warning] [isaaclab.sensors.ray_caster.ray_caster] The `attach_yaw_only` property will be deprecated in a future release. Please use `ray_alignment='yaw'` instead.
2026-09-08T06:45:04Z [11,811ms] [Warning] [isaaclab.sensors.ray_caster.ray_caster] The `attach_yaw_only` property will be deprecated in a future release. Please use `ray_alignment='yaw'` instead.
2026-09-08T06:45:04Z [11,812ms] [Warning] [isaaclab.utils.math] The function 'quat_rotate_inverse' will be deprecated in favor of the faster method 'quat_apply_inverse'. Please use 'quat_apply_inverse' instead....
2026-09-08T06:45:04Z [11,815ms] [Warning] [isaaclab.sensors.ray_caster.ray_caster] The `attach_yaw_only` property will be deprecated in a future release. Please use `ray_alignment='yaw'` instead.
2026-09-08T06:45:04Z [11,850ms] [Warning] [isaaclab.utils.math] The function 'quat_rotate_inverse' will be deprecated in favor of the faster method 'quat_apply_inverse'. Please use 'quat_apply_inverse' instead....
2026-09-08T06:45:04Z [11,851ms] [Warning] [isaaclab.utils.math] The function 'quat_rotate_inverse' will be deprecated in favor of the faster method 'quat_apply_inverse'. Please use 'quat_apply_inverse' instead....
2026-09-08T06:45:04Z [11,854ms] [Warning] [isaaclab.utils.math] The function 'quat_rotate_inverse' will be deprecated in favor of the faster method 'quat_apply_inverse'. Please use 'quat_apply_inverse' instead....
2026-09-08T06:45:04Z [11,863ms] [Warning] [isaaclab.utils.math] The function 'quat_rotate_inverse' will be deprecated in favor of the faster method 'quat_apply_inverse'. Please use 'quat_apply_inverse' instead....
2026-09-08T06:45:04Z [11,863ms] [Warning] [isaaclab.utils.math] The function 'quat_rotate_inverse' will be deprecated in favor of the faster method 'quat_apply_inverse'. Please use 'quat_apply_inverse' instead....
2026-09-08T06:45:04Z [11,864ms] [Warning] [isaaclab.sensors.ray_caster.ray_caster] The `attach_yaw_only` property will be deprecated in a future release. Please use `ray_alignment='yaw'` instead.
2026-09-08T06:45:04Z [11,866ms] [Warning] [isaaclab.sensors.ray_caster.ray_caster] The `attach_yaw_only` property will be deprecated in a future release. Please use `ray_alignment='yaw'` instead.
2026-09-08T06:45:04Z [11,867ms] [Warning] [isaaclab.utils.math] The function 'quat_rotate_inverse' will be deprecated in favor of the faster method 'quat_apply_inverse'. Please use 'quat_apply_inverse' instead....
2026-09-08T06:45:04Z [11,871ms] [Warning] [isaaclab.sensors.ray_caster.ray_caster] The `attach_yaw_only` property will be deprecated in a future release. Please use `ray_alignment='yaw'` instead.
2026-09-08T06:45:04Z [11,916ms] [Warning] [isaaclab.utils.math] The function 'quat_rotate_inverse' will be deprecated in favor of the faster method 'quat_apply_inverse'. Please use 'quat_apply_inverse' instead....
2026-09-08T06:45:04Z [11,917ms] [Warning] [isaaclab.utils.math] The function 'quat_rotate_inverse' will be deprecated in favor of the faster method 'quat_apply_inverse'. Please use 'quat_apply_inverse' instead....
2026-09-08T06:45:04Z [11,921ms] [Warning] [isaaclab.utils.math] The function 'quat_rotate_inverse' will be deprecated in favor of the faster method 'quat_apply_inverse'. Please use 'quat_apply_inverse' instead....
2026-09-08T06:45:04Z [11,939ms] [Warning] [isaaclab.utils.math] The function 'quat_rotate_inverse' will be deprecated in favor of the faster method 'quat_apply_inverse'. Please use 'quat_apply_inverse' instead....
2026-09-08T06:45:04Z [11,939ms] [Warning] [isaaclab.utils.math] The function 'quat_rotate_inverse' will be deprecated in favor of the faster method 'quat_apply_inverse'. Please use 'quat_apply_inverse' instead....
2026-09-08T06:45:04Z [11,944ms] [Warning] [isaaclab.sensors.ray_caster.ray_caster] The `attach_yaw_only` property will be deprecated in a future release. Please use `ray_alignment='yaw'` instead.
2026-09-08T06:45:04Z [11,951ms] [Warning] [isaaclab.sensors.ray_caster.ray_caster] The `attach_yaw_only` property will be deprecated in a future release. Please use `ray_alignment='yaw'` instead.
2026-09-08T06:45:04Z [11,952ms] [Warning] [isaaclab.utils.math] The function 'quat_rotate_inverse' will be deprecated in favor of the faster method 'quat_apply_inverse'. Please use 'quat_apply_inverse' instead....
2026-09-08T06:45:04Z [11,955ms] [Warning] [isaaclab.sensors.ray_caster.ray_caster] The `attach_yaw_only` property will be deprecated in a future release. Please use `ray_alignment='yaw'` instead.
2026-09-08T06:45:04Z [12,003ms] [Warning] [isaaclab.utils.math] The function 'quat_rotate_inverse' will be deprecated in favor of the faster method 'quat_apply_inverse'. Please use 'quat_apply_inverse' instead....
2026-09-08T06:45:04Z [12,003ms] [Warning] [isaaclab.utils.math] The function 'quat_rotate_inverse' will be deprecated in favor of the faster method 'quat_apply_inverse'. Please use 'quat_apply_inverse' instead....
2026-09-08T06:45:04Z [12,006ms] [Warning] [isaaclab.utils.math] The function 'quat_rotate_inverse' will be deprecated in favor of the faster method 'quat_apply_inverse'. Please use 'quat_apply_inverse' instead....
2026-09-08T06:45:04Z [12,015ms] [Warning] [isaaclab.utils.math] The function 'quat_rotate_inverse' will be deprecated in favor of the faster method 'quat_apply_inverse'. Please use 'quat_apply_inverse' instead....
2026-09-08T06:45:04Z [12,016ms] [Warning] [isaaclab.utils.math] The function 'quat_rotate_inverse' will be deprecated in favor of the faster method 'quat_apply_inverse'. Please use 'quat_apply_inverse' instead....
2026-09-08T06:45:04Z [12,017ms] [Warning] [isaaclab.sensors.ray_caster.ray_caster] The `attach_yaw_only` property will be deprecated in a future release. Please use `ray_alignment='yaw'` instead.
2026-09-08T06:45:04Z [12,019ms] [Warning] [isaaclab.sensors.ray_caster.ray_caster] The `attach_yaw_only` property will be deprecated in a future release. Please use `ray_alignment='yaw'` instead.
2026-09-08T06:45:04Z [12,021ms] [Warning] [isaaclab.utils.math] The function 'quat_rotate_inverse' will be deprecated in favor of the faster method 'quat_apply_inverse'. Please use 'quat_apply_inverse' instead....
2026-09-08T06:45:04Z [12,024ms] [Warning] [isaaclab.sensors.ray_caster.ray_caster] The `attach_yaw_only` property will be deprecated in a future release. Please use `ray_alignment='yaw'` instead.
2026-09-08T06:45:04Z [12,059ms] [Warning] [isaaclab.utils.math] The function 'quat_rotate_inverse' will be deprecated in favor of the faster method 'quat_apply_inverse'. Please use 'quat_apply_inverse' instead....
2026-09-08T06:45:04Z [12,060ms] [Warning] [isaaclab.utils.math] The function 'quat_rotate_inverse' will be deprecated in favor of the faster method 'quat_apply_inverse'. Please use 'quat_apply_inverse' instead....
2026-09-08T06:45:04Z [12,065ms] [Warning] [isaaclab.utils.math] The function 'quat_rotate_inverse' will be deprecated in favor of the faster method 'quat_apply_inverse'. Please use 'quat_apply_inverse' instead....
2026-09-08T06:45:04Z [12,075ms] [Warning] [isaaclab.utils.math] The function 'quat_rotate_inverse' will be deprecated in favor of the faster method 'quat_apply_inverse'. Please use 'quat_apply_inverse' instead....
2026-09-08T06:45:04Z [12,076ms] [Warning] [isaaclab.utils.math] The function 'quat_rotate_inverse' will be deprecated in favor of the faster method 'quat_apply_inverse'. Please use 'quat_apply_inverse' instead....
2026-09-08T06:45:04Z [12,081ms] [Warning] [isaaclab.sensors.ray_caster.ray_caster] The `attach_yaw_only` property will be deprecated in a future release. Please use `ray_alignment='yaw'` instead.
2026-09-08T06:45:04Z [12,087ms] [Warning] [isaaclab.sensors.ray_caster.ray_caster] The `attach_yaw_only` property will be deprecated in a future release. Please use `ray_alignment='yaw'` instead.
2026-09-08T06:45:04Z [12,089ms] [Warning] [isaaclab.utils.math] The function 'quat_rotate_inverse' will be deprecated in favor of the faster method 'quat_apply_inverse'. Please use 'quat_apply_inverse' instead....
2026-09-08T06:45:04Z [12,092ms] [Warning] [isaaclab.sensors.ray_caster.ray_caster] The `attach_yaw_only` property will be deprecated in a future release. Please use `ray_alignment='yaw'` instead.
2026-09-08T06:45:04Z [12,157ms] [Warning] [isaaclab.utils.math] The function 'quat_rotate_inverse' will be deprecated in favor of the faster method 'quat_apply_inverse'. Please use 'quat_apply_inverse' instead....
2026-09-08T06:45:04Z [12,158ms] [Warning] [isaaclab.utils.math] The function 'quat_rotate_inverse' will be deprecated in favor of the faster method 'quat_apply_inverse'. Please use 'quat_apply_inverse' instead....
2026-09-08T06:45:04Z [12,161ms] [Warning] [isaaclab.utils.math] The function 'quat_rotate_inverse' will be deprecated in favor of the faster method 'quat_apply_inverse'. Please use 'quat_apply_inverse' instead....
2026-09-08T06:45:04Z [12,170ms] [Warning] [isaaclab.utils.math] The function 'quat_rotate_inverse' will be deprecated in favor of the faster method 'quat_apply_inverse'. Please use 'quat_apply_inverse' instead....
2026-09-08T06:45:04Z [12,171ms] [Warning] [isaaclab.utils.math] The function 'quat_rotate_inverse' will be deprecated in favor of the faster method 'quat_apply_inverse'. Please use 'quat_apply_inverse' instead....
2026-09-08T06:45:04Z [12,172ms] [Warning] [isaaclab.sensors.ray_caster.ray_caster] The `attach_yaw_only` property will be deprecated in a future release. Please use `ray_alignment='yaw'` instead.
2026-09-08T06:45:04Z [12,173ms] [Warning] [isaaclab.sensors.ray_caster.ray_caster] The `attach_yaw_only` property will be deprecated in a future release. Please use `ray_alignment='yaw'` instead.
2026-09-08T06:45:04Z [12,175ms] [Warning] [isaaclab.utils.math] The function 'quat_rotate_inverse' will be deprecated in favor of the faster method 'quat_apply_inverse'. Please use 'quat_apply_inverse' instead....
2026-09-08T06:45:04Z [12,178ms] [Warning] [isaaclab.sensors.ray_caster.ray_caster] The `attach_yaw_only` property will be deprecated in a future release. Please use `ray_alignment='yaw'` instead.
2026-09-08T06:45:04Z [12,211ms] [Warning] [isaaclab.utils.math] The function 'quat_rotate_inverse' will be deprecated in favor of the faster method 'quat_apply_inverse'. Please use 'quat_apply_inverse' instead....
2026-09-08T06:45:04Z [12,212ms] [Warning] [isaaclab.utils.math] The function 'quat_rotate_inverse' will be deprecated in favor of the faster method 'quat_apply_inverse'. Please use 'quat_apply_inverse' instead....
2026-09-08T06:45:04Z [12,215ms] [Warning] [isaaclab.utils.math] The function 'quat_rotate_inverse' will be deprecated in favor of the faster method 'quat_apply_inverse'. Please use 'quat_apply_inverse' instead....
2026-09-08T06:45:04Z [12,224ms] [Warning] [isaaclab.utils.math] The function 'quat_rotate_inverse' will be deprecated in favor of the faster method 'quat_apply_inverse'. Please use 'quat_apply_inverse' instead....
2026-09-08T06:45:04Z [12,225ms] [Warning] [isaaclab.utils.math] The function 'quat_rotate_inverse' will be deprecated in favor of the faster method 'quat_apply_inverse'. Please use 'quat_apply_inverse' instead....
2026-09-08T06:45:04Z [12,226ms] [Warning] [isaaclab.sensors.ray_caster.ray_caster] The `attach_yaw_only` property will be deprecated in a future release. Please use `ray_alignment='yaw'` instead.
2026-09-08T06:45:04Z [12,228ms] [Warning] [isaaclab.sensors.ray_caster.ray_caster] The `attach_yaw_only` property will be deprecated in a future release. Please use `ray_alignment='yaw'` instead.
2026-09-08T06:45:04Z [12,230ms] [Warning] [isaaclab.utils.math] The function 'quat_rotate_inverse' will be deprecated in favor of the faster method 'quat_apply_inverse'. Please use 'quat_apply_inverse' instead....
2026-09-08T06:45:04Z [12,233ms] [Warning] [isaaclab.sensors.ray_caster.ray_caster] The `attach_yaw_only` property will be deprecated in a future release. Please use `ray_alignment='yaw'` instead.
2026-09-08T06:45:04Z [12,281ms] [Warning] [isaaclab.utils.math] The function 'quat_rotate_inverse' will be deprecated in favor of the faster method 'quat_apply_inverse'. Please use 'quat_apply_inverse' instead....
2026-09-08T06:45:04Z [12,282ms] [Warning] [isaaclab.utils.math] The function 'quat_rotate_inverse' will be deprecated in favor of the faster method 'quat_apply_inverse'. Please use 'quat_apply_inverse' instead....
2026-09-08T06:45:04Z [12,285ms] [Warning] [isaaclab.utils.math] The function 'quat_rotate_inverse' will be deprecated in favor of the faster method 'quat_apply_inverse'. Please use 'quat_apply_inverse' instead....
2026-09-08T06:45:04Z [12,304ms] [Warning] [isaaclab.utils.math] The function 'quat_rotate_inverse' will be deprecated in favor of the faster method 'quat_apply_inverse'. Please use 'quat_apply_inverse' instead....
2026-09-08T06:45:04Z [12,304ms] [Warning] [isaaclab.utils.math] The function 'quat_rotate_inverse' will be deprecated in favor of the faster method 'quat_apply_inverse'. Please use 'quat_apply_inverse' instead....
2026-09-08T06:45:04Z [12,305ms] [Warning] [isaaclab.sensors.ray_caster.ray_caster] The `attach_yaw_only` property will be deprecated in a future release. Please use `ray_alignment='yaw'` instead.
2026-09-08T06:45:04Z [12,307ms] [Warning] [isaaclab.sensors.ray_caster.ray_caster] The `attach_yaw_only` property will be deprecated in a future release. Please use `ray_alignment='yaw'` instead.
2026-09-08T06:45:04Z [12,309ms] [Warning] [isaaclab.utils.math] The function 'quat_rotate_inverse' will be deprecated in favor of the faster method 'quat_apply_inverse'. Please use 'quat_apply_inverse' instead....
2026-09-08T06:45:04Z [12,322ms] [Warning] [isaaclab.sensors.ray_caster.ray_caster] The `attach_yaw_only` property will be deprecated in a future release. Please use `ray_alignment='yaw'` instead.
2026-09-08T06:45:04Z [12,369ms] [Warning] [isaaclab.utils.math] The function 'quat_rotate_inverse' will be deprecated in favor of the faster method 'quat_apply_inverse'. Please use 'quat_apply_inverse' instead....
2026-09-08T06:45:04Z [12,369ms] [Warning] [isaaclab.utils.math] The function 'quat_rotate_inverse' will be deprecated in favor of the faster method 'quat_apply_inverse'. Please use 'quat_apply_inverse' instead....
2026-09-08T06:45:04Z [12,373ms] [Warning] [isaaclab.utils.math] The function 'quat_rotate_inverse' will be deprecated in favor of the faster method 'quat_apply_inverse'. Please use 'quat_apply_inverse' instead....
2026-09-08T06:45:04Z [12,380ms] [Warning] [isaaclab.utils.math] The function 'quat_rotate_inverse' will be deprecated in favor of the faster method 'quat_apply_inverse'. Please use 'quat_apply_inverse' instead....
2026-09-08T06:45:04Z [12,381ms] [Warning] [isaaclab.utils.math] The function 'quat_rotate_inverse' will be deprecated in favor of the faster method 'quat_apply_inverse'. Please use 'quat_apply_inverse' instead....
2026-09-08T06:45:04Z [12,382ms] [Warning] [isaaclab.sensors.ray_caster.ray_caster] The `attach_yaw_only` property will be deprecated in a future release. Please use `ray_alignment='yaw'` instead.
2026-09-08T06:45:04Z [12,384ms] [Warning] [isaaclab.sensors.ray_caster.ray_caster] The `attach_yaw_only` property will be deprecated in a future release. Please use `ray_alignment='yaw'` instead.
2026-09-08T06:45:04Z [12,385ms] [Warning] [isaaclab.utils.math] The function 'quat_rotate_inverse' will be deprecated in favor of the faster method 'quat_apply_inverse'. Please use 'quat_apply_inverse' instead....
2026-09-08T06:45:04Z [12,388ms] [Warning] [isaaclab.sensors.ray_caster.ray_caster] The `attach_yaw_only` property will be deprecated in a future release. Please use `ray_alignment='yaw'` instead.
2026-09-08T06:45:04Z [12,427ms] [Warning] [isaaclab.utils.math] The function 'quat_rotate_inverse' will be deprecated in favor of the faster method 'quat_apply_inverse'. Please use 'quat_apply_inverse' instead....
2026-09-08T06:45:04Z [12,428ms] [Warning] [isaaclab.utils.math] The function 'quat_rotate_inverse' will be deprecated in favor of the faster method 'quat_apply_inverse'. Please use 'quat_apply_inverse' instead....
2026-09-08T06:45:04Z [12,431ms] [Warning] [isaaclab.utils.math] The function 'quat_rotate_inverse' will be deprecated in favor of the faster method 'quat_apply_inverse'. Please use 'quat_apply_inverse' instead....
2026-09-08T06:45:04Z [12,440ms] [Warning] [isaaclab.utils.math] The function 'quat_rotate_inverse' will be deprecated in favor of the faster method 'quat_apply_inverse'. Please use 'quat_apply_inverse' instead....
2026-09-08T06:45:04Z [12,440ms] [Warning] [isaaclab.utils.math] The function 'quat_rotate_inverse' will be deprecated in favor of the faster method 'quat_apply_inverse'. Please use 'quat_apply_inverse' instead....
2026-09-08T06:45:04Z [12,441ms] [Warning] [isaaclab.sensors.ray_caster.ray_caster] The `attach_yaw_only` property will be deprecated in a future release. Please use `ray_alignment='yaw'` instead.
2026-09-08T06:45:04Z [12,444ms] [Warning] [isaaclab.sensors.ray_caster.ray_caster] The `attach_yaw_only` property will be deprecated in a future release. Please use `ray_alignment='yaw'` instead.
2026-09-08T06:45:04Z [12,446ms] [Warning] [isaaclab.utils.math] The function 'quat_rotate_inverse' will be deprecated in favor of the faster method 'quat_apply_inverse'. Please use 'quat_apply_inverse' instead....
2026-09-08T06:45:04Z [12,458ms] [Warning] [isaaclab.sensors.ray_caster.ray_caster] The `attach_yaw_only` property will be deprecated in a future release. Please use `ray_alignment='yaw'` instead.
2026-09-08T06:45:04Z [12,522ms] [Warning] [isaaclab.utils.math] The function 'quat_rotate_inverse' will be deprecated in favor of the faster method 'quat_apply_inverse'. Please use 'quat_apply_inverse' instead....
2026-09-08T06:45:04Z [12,522ms] [Warning] [isaaclab.utils.math] The function 'quat_rotate_inverse' will be deprecated in favor of the faster method 'quat_apply_inverse'. Please use 'quat_apply_inverse' instead....
2026-09-08T06:45:04Z [12,525ms] [Warning] [isaaclab.utils.math] The function 'quat_rotate_inverse' will be deprecated in favor of the faster method 'quat_apply_inverse'. Please use 'quat_apply_inverse' instead....
2026-09-08T06:45:04Z [12,534ms] [Warning] [isaaclab.utils.math] The function 'quat_rotate_inverse' will be deprecated in favor of the faster method 'quat_apply_inverse'. Please use 'quat_apply_inverse' instead....
2026-09-08T06:45:04Z [12,534ms] [Warning] [isaaclab.utils.math] The function 'quat_rotate_inverse' will be deprecated in favor of the faster method 'quat_apply_inverse'. Please use 'quat_apply_inverse' instead....
2026-09-08T06:45:04Z [12,535ms] [Warning] [isaaclab.sensors.ray_caster.ray_caster] The `attach_yaw_only` property will be deprecated in a future release. Please use `ray_alignment='yaw'` instead.
2026-09-08T06:45:04Z [12,538ms] [Warning] [isaaclab.sensors.ray_caster.ray_caster] The `attach_yaw_only` property will be deprecated in a future release. Please use `ray_alignment='yaw'` instead.
2026-09-08T06:45:04Z [12,539ms] [Warning] [isaaclab.utils.math] The function 'quat_rotate_inverse' will be deprecated in favor of the faster method 'quat_apply_inverse'. Please use 'quat_apply_inverse' instead....
2026-09-08T06:45:04Z [12,543ms] [Warning] [isaaclab.sensors.ray_caster.ray_caster] The `attach_yaw_only` property will be deprecated in a future release. Please use `ray_alignment='yaw'` instead.
2026-09-08T06:45:04Z [12,580ms] [Warning] [isaaclab.utils.math] The function 'quat_rotate_inverse' will be deprecated in favor of the faster method 'quat_apply_inverse'. Please use 'quat_apply_inverse' instead....
2026-09-08T06:45:04Z [12,581ms] [Warning] [isaaclab.utils.math] The function 'quat_rotate_inverse' will be deprecated in favor of the faster method 'quat_apply_inverse'. Please use 'quat_apply_inverse' instead....
2026-09-08T06:45:04Z [12,584ms] [Warning] [isaaclab.utils.math] The function 'quat_rotate_inverse' will be deprecated in favor of the faster method 'quat_apply_inverse'. Please use 'quat_apply_inverse' instead....
2026-09-08T06:45:04Z [12,593ms] [Warning] [isaaclab.utils.math] The function 'quat_rotate_inverse' will be deprecated in favor of the faster method 'quat_apply_inverse'. Please use 'quat_apply_inverse' instead....
2026-09-08T06:45:04Z [12,594ms] [Warning] [isaaclab.utils.math] The function 'quat_rotate_inverse' will be deprecated in favor of the faster method 'quat_apply_inverse'. Please use 'quat_apply_inverse' instead....
2026-09-08T06:45:04Z [12,595ms] [Warning] [isaaclab.sensors.ray_caster.ray_caster] The `attach_yaw_only` property will be deprecated in a future release. Please use `ray_alignment='yaw'` instead.
2026-09-08T06:45:04Z [12,597ms] [Warning] [isaaclab.sensors.ray_caster.ray_caster] The `attach_yaw_only` property will be deprecated in a future release. Please use `ray_alignment='yaw'` instead.
2026-09-08T06:45:04Z [12,599ms] [Warning] [isaaclab.utils.math] The function 'quat_rotate_inverse' will be deprecated in favor of the faster method 'quat_apply_inverse'. Please use 'quat_apply_inverse' instead....
2026-09-08T06:45:04Z [12,602ms] [Warning] [isaaclab.sensors.ray_caster.ray_caster] The `attach_yaw_only` property will be deprecated in a future release. Please use `ray_alignment='yaw'` instead.
2026-09-08T06:45:04Z [12,648ms] [Warning] [isaaclab.utils.math] The function 'quat_rotate_inverse' will be deprecated in favor of the faster method 'quat_apply_inverse'. Please use 'quat_apply_inverse' instead....
2026-09-08T06:45:04Z [12,649ms] [Warning] [isaaclab.utils.math] The function 'quat_rotate_inverse' will be deprecated in favor of the faster method 'quat_apply_inverse'. Please use 'quat_apply_inverse' instead....
2026-09-08T06:45:04Z [12,653ms] [Warning] [isaaclab.utils.math] The function 'quat_rotate_inverse' will be deprecated in favor of the faster method 'quat_apply_inverse'. Please use 'quat_apply_inverse' instead....
2026-09-08T06:45:04Z [12,669ms] [Warning] [isaaclab.utils.math] The function 'quat_rotate_inverse' will be deprecated in favor of the faster method 'quat_apply_inverse'. Please use 'quat_apply_inverse' instead....
2026-09-08T06:45:04Z [12,670ms] [Warning] [isaaclab.utils.math] The function 'quat_rotate_inverse' will be deprecated in favor of the faster method 'quat_apply_inverse'. Please use 'quat_apply_inverse' instead....
2026-09-08T06:45:04Z [12,672ms] [Warning] [isaaclab.sensors.ray_caster.ray_caster] The `attach_yaw_only` property will be deprecated in a future release. Please use `ray_alignment='yaw'` instead.
2026-09-08T06:45:04Z [12,684ms] [Warning] [isaaclab.sensors.ray_caster.ray_caster] The `attach_yaw_only` property will be deprecated in a future release. Please use `ray_alignment='yaw'` instead.
2026-09-08T06:45:04Z [12,685ms] [Warning] [isaaclab.utils.math] The function 'quat_rotate_inverse' will be deprecated in favor of the faster method 'quat_apply_inverse'. Please use 'quat_apply_inverse' instead....
2026-09-08T06:45:05Z [12,688ms] [Warning] [isaaclab.sensors.ray_caster.ray_caster] The `attach_yaw_only` property will be deprecated in a future release. Please use `ray_alignment='yaw'` instead.
2026-09-08T06:45:05Z [12,734ms] [Warning] [isaaclab.utils.math] The function 'quat_rotate_inverse' will be deprecated in favor of the faster method 'quat_apply_inverse'. Please use 'quat_apply_inverse' instead....
2026-09-08T06:45:05Z [12,735ms] [Warning] [isaaclab.utils.math] The function 'quat_rotate_inverse' will be deprecated in favor of the faster method 'quat_apply_inverse'. Please use 'quat_apply_inverse' instead....
2026-09-08T06:45:05Z [12,739ms] [Warning] [isaaclab.utils.math] The function 'quat_rotate_inverse' will be deprecated in favor of the faster method 'quat_apply_inverse'. Please use 'quat_apply_inverse' instead....
2026-09-08T06:45:05Z [12,747ms] [Warning] [isaaclab.utils.math] The function 'quat_rotate_inverse' will be deprecated in favor of the faster method 'quat_apply_inverse'. Please use 'quat_apply_inverse' instead....
2026-09-08T06:45:05Z [12,748ms] [Warning] [isaaclab.utils.math] The function 'quat_rotate_inverse' will be deprecated in favor of the faster method 'quat_apply_inverse'. Please use 'quat_apply_inverse' instead....
2026-09-08T06:45:05Z [12,749ms] [Warning] [isaaclab.sensors.ray_caster.ray_caster] The `attach_yaw_only` property will be deprecated in a future release. Please use `ray_alignment='yaw'` instead.
2026-09-08T06:45:05Z [12,750ms] [Warning] [isaaclab.sensors.ray_caster.ray_caster] The `attach_yaw_only` property will be deprecated in a future release. Please use `ray_alignment='yaw'` instead.
2026-09-08T06:45:05Z [12,752ms] [Warning] [isaaclab.utils.math] The function 'quat_rotate_inverse' will be deprecated in favor of the faster method 'quat_apply_inverse'. Please use 'quat_apply_inverse' instead....
2026-09-08T06:45:05Z [12,755ms] [Warning] [isaaclab.sensors.ray_caster.ray_caster] The `attach_yaw_only` property will be deprecated in a future release. Please use `ray_alignment='yaw'` instead.
2026-09-08T06:45:05Z [12,789ms] [Warning] [isaaclab.utils.math] The function 'quat_rotate_inverse' will be deprecated in favor of the faster method 'quat_apply_inverse'. Please use 'quat_apply_inverse' instead....
2026-09-08T06:45:05Z [12,790ms] [Warning] [isaaclab.utils.math] The function 'quat_rotate_inverse' will be deprecated in favor of the faster method 'quat_apply_inverse'. Please use 'quat_apply_inverse' instead....
2026-09-08T06:45:05Z [12,794ms] [Warning] [isaaclab.utils.math] The function 'quat_rotate_inverse' will be deprecated in favor of the faster method 'quat_apply_inverse'. Please use 'quat_apply_inverse' instead....
2026-09-08T06:45:05Z [12,802ms] [Warning] [isaaclab.utils.math] The function 'quat_rotate_inverse' will be deprecated in favor of the faster method 'quat_apply_inverse'. Please use 'quat_apply_inverse' instead....
2026-09-08T06:45:05Z [12,803ms] [Warning] [isaaclab.utils.math] The function 'quat_rotate_inverse' will be deprecated in favor of the faster method 'quat_apply_inverse'. Please use 'quat_apply_inverse' instead....
2026-09-08T06:45:05Z [12,803ms] [Warning] [isaaclab.sensors.ray_caster.ray_caster] The `attach_yaw_only` property will be deprecated in a future release. Please use `ray_alignment='yaw'` instead.
2026-09-08T06:45:05Z [12,805ms] [Warning] [isaaclab.sensors.ray_caster.ray_caster] The `attach_yaw_only` property will be deprecated in a future release. Please use `ray_alignment='yaw'` instead.
2026-09-08T06:45:05Z [12,807ms] [Warning] [isaaclab.utils.math] The function 'quat_rotate_inverse' will be deprecated in favor of the faster method 'quat_apply_inverse'. Please use 'quat_apply_inverse' instead....
2026-09-08T06:45:05Z [12,812ms] [Warning] [isaaclab.sensors.ray_caster.ray_caster] The `attach_yaw_only` property will be deprecated in a future release. Please use `ray_alignment='yaw'` instead.
2026-09-08T06:45:05Z [12,879ms] [Warning] [isaaclab.utils.math] The function 'quat_rotate_inverse' will be deprecated in favor of the faster method 'quat_apply_inverse'. Please use 'quat_apply_inverse' instead....
2026-09-08T06:45:05Z [12,880ms] [Warning] [isaaclab.utils.math] The function 'quat_rotate_inverse' will be deprecated in favor of the faster method 'quat_apply_inverse'. Please use 'quat_apply_inverse' instead....
2026-09-08T06:45:05Z [12,883ms] [Warning] [isaaclab.utils.math] The function 'quat_rotate_inverse' will be deprecated in favor of the faster method 'quat_apply_inverse'. Please use 'quat_apply_inverse' instead....
2026-09-08T06:45:05Z [12,901ms] [Warning] [isaaclab.utils.math] The function 'quat_rotate_inverse' will be deprecated in favor of the faster method 'quat_apply_inverse'. Please use 'quat_apply_inverse' instead....
2026-09-08T06:45:05Z [12,901ms] [Warning] [isaaclab.utils.math] The function 'quat_rotate_inverse' will be deprecated in favor of the faster method 'quat_apply_inverse'. Please use 'quat_apply_inverse' instead....
2026-09-08T06:45:05Z [12,902ms] [Warning] [isaaclab.sensors.ray_caster.ray_caster] The `attach_yaw_only` property will be deprecated in a future release. Please use `ray_alignment='yaw'` instead.
2026-09-08T06:45:05Z [12,904ms] [Warning] [isaaclab.sensors.ray_caster.ray_caster] The `attach_yaw_only` property will be deprecated in a future release. Please use `ray_alignment='yaw'` instead.
2026-09-08T06:45:05Z [12,905ms] [Warning] [isaaclab.utils.math] The function 'quat_rotate_inverse' will be deprecated in favor of the faster method 'quat_apply_inverse'. Please use 'quat_apply_inverse' instead....
2026-09-08T06:45:05Z [12,909ms] [Warning] [isaaclab.sensors.ray_caster.ray_caster] The `attach_yaw_only` property will be deprecated in a future release. Please use `ray_alignment='yaw'` instead.
2026-09-08T06:45:05Z [12,946ms] [Warning] [isaaclab.utils.math] The function 'quat_rotate_inverse' will be deprecated in favor of the faster method 'quat_apply_inverse'. Please use 'quat_apply_inverse' instead....
2026-09-08T06:45:05Z [12,947ms] [Warning] [isaaclab.utils.math] The function 'quat_rotate_inverse' will be deprecated in favor of the faster method 'quat_apply_inverse'. Please use 'quat_apply_inverse' instead....
2026-09-08T06:45:05Z [12,951ms] [Warning] [isaaclab.utils.math] The function 'quat_rotate_inverse' will be deprecated in favor of the faster method 'quat_apply_inverse'. Please use 'quat_apply_inverse' instead....
2026-09-08T06:45:05Z [12,960ms] [Warning] [isaaclab.utils.math] The function 'quat_rotate_inverse' will be deprecated in favor of the faster method 'quat_apply_inverse'. Please use 'quat_apply_inverse' instead....
2026-09-08T06:45:05Z [12,960ms] [Warning] [isaaclab.utils.math] The function 'quat_rotate_inverse' will be deprecated in favor of the faster method 'quat_apply_inverse'. Please use 'quat_apply_inverse' instead....
2026-09-08T06:45:05Z [12,961ms] [Warning] [isaaclab.sensors.ray_caster.ray_caster] The `attach_yaw_only` property will be deprecated in a future release. Please use `ray_alignment='yaw'` instead.
2026-09-08T06:45:05Z [12,963ms] [Warning] [isaaclab.sensors.ray_caster.ray_caster] The `attach_yaw_only` property will be deprecated in a future release. Please use `ray_alignment='yaw'` instead.
2026-09-08T06:45:05Z [12,964ms] [Warning] [isaaclab.utils.math] The function 'quat_rotate_inverse' will be deprecated in favor of the faster method 'quat_apply_inverse'. Please use 'quat_apply_inverse' instead....
2026-09-08T06:45:05Z [12,968ms] [Warning] [isaaclab.sensors.ray_caster.ray_caster] The `attach_yaw_only` property will be deprecated in a future release. Please use `ray_alignment='yaw'` instead.
2026-09-08T06:45:05Z [13,002ms] [Warning] [isaaclab.utils.math] The function 'quat_rotate_inverse' will be deprecated in favor of the faster method 'quat_apply_inverse'. Please use 'quat_apply_inverse' instead....
2026-09-08T06:45:05Z [13,003ms] [Warning] [isaaclab.utils.math] The function 'quat_rotate_inverse' will be deprecated in favor of the faster method 'quat_apply_inverse'. Please use 'quat_apply_inverse' instead....
2026-09-08T06:45:05Z [13,006ms] [Warning] [isaaclab.utils.math] The function 'quat_rotate_inverse' will be deprecated in favor of the faster method 'quat_apply_inverse'. Please use 'quat_apply_inverse' instead....
2026-09-08T06:45:05Z [13,015ms] [Warning] [isaaclab.utils.math] The function 'quat_rotate_inverse' will be deprecated in favor of the faster method 'quat_apply_inverse'. Please use 'quat_apply_inverse' instead....
2026-09-08T06:45:05Z [13,015ms] [Warning] [isaaclab.utils.math] The function 'quat_rotate_inverse' will be deprecated in favor of the faster method 'quat_apply_inverse'. Please use 'quat_apply_inverse' instead....
2026-09-08T06:45:05Z [13,026ms] [Warning] [isaaclab.sensors.ray_caster.ray_caster] The `attach_yaw_only` property will be deprecated in a future release. Please use `ray_alignment='yaw'` instead.
2026-09-08T06:45:05Z [13,028ms] [Warning] [isaaclab.sensors.ray_caster.ray_caster] The `attach_yaw_only` property will be deprecated in a future release. Please use `ray_alignment='yaw'` instead.
2026-09-08T06:45:05Z [13,029ms] [Warning] [isaaclab.utils.math] The function 'quat_rotate_inverse' will be deprecated in favor of the faster method 'quat_apply_inverse'. Please use 'quat_apply_inverse' instead....
2026-09-08T06:45:05Z [13,033ms] [Warning] [isaaclab.sensors.ray_caster.ray_caster] The `attach_yaw_only` property will be deprecated in a future release. Please use `ray_alignment='yaw'` instead.
2026-09-08T06:45:05Z [13,438ms] [Warning] [isaaclab.utils.math] The function 'quat_rotate_inverse' will be deprecated in favor of the faster method 'quat_apply_inverse'. Please use 'quat_apply_inverse' instead....
2026-09-08T06:45:05Z [13,566ms] [Warning] [isaaclab.utils.math] The function 'quat_rotate_inverse' will be deprecated in favor of the faster method 'quat_apply_inverse'. Please use 'quat_apply_inverse' instead....
2026-09-08T06:45:05Z [13,566ms] [Warning] [isaaclab.utils.math] The function 'quat_rotate_inverse' will be deprecated in favor of the faster method 'quat_apply_inverse'. Please use 'quat_apply_inverse' instead....
2026-09-08T06:45:05Z [13,570ms] [Warning] [isaaclab.utils.math] The function 'quat_rotate_inverse' will be deprecated in favor of the faster method 'quat_apply_inverse'. Please use 'quat_apply_inverse' instead....
2026-09-08T06:45:05Z [13,591ms] [Warning] [isaaclab.utils.math] The function 'quat_rotate_inverse' will be deprecated in favor of the faster method 'quat_apply_inverse'. Please use 'quat_apply_inverse' instead....
2026-09-08T06:45:05Z [13,591ms] [Warning] [isaaclab.utils.math] The function 'quat_rotate_inverse' will be deprecated in favor of the faster method 'quat_apply_inverse'. Please use 'quat_apply_inverse' instead....
2026-09-08T06:45:05Z [13,593ms] [Warning] [isaaclab.sensors.ray_caster.ray_caster] The `attach_yaw_only` property will be deprecated in a future release. Please use `ray_alignment='yaw'` instead.
2026-09-08T06:45:05Z [13,596ms] [Warning] [isaaclab.sensors.ray_caster.ray_caster] The `attach_yaw_only` property will be deprecated in a future release. Please use `ray_alignment='yaw'` instead.
2026-09-08T06:45:05Z [13,603ms] [Warning] [isaaclab.utils.math] The function 'quat_rotate_inverse' will be deprecated in favor of the faster method 'quat_apply_inverse'. Please use 'quat_apply_inverse' instead....
2026-09-08T06:45:05Z [13,616ms] [Warning] [isaaclab.sensors.ray_caster.ray_caster] The `attach_yaw_only` property will be deprecated in a future release. Please use `ray_alignment='yaw'` instead.
